<!doctype html public "-//w3c//dtd html 4.0 transitional//en">
<html><head>
<title>Static Call Graph - [.\BUILD\Nucleo_printf_SHT-31.axf]</title></head>
<body><HR>
<H1>Static Call Graph for image .\BUILD\Nucleo_printf_SHT-31.axf</H1><HR>
<BR><P>#&#060CALLGRAPH&#062# ARM Linker, 5060061: Last Updated: Fri Jun 08 10:19:41 2018
<BR><P>
<H3>Maximum Stack Usage =        672 bytes + Unknown(Cycles, Untraceable Function Pointers)</H3><H3>
Call chain for Maximum Stack Depth:</H3>
__rt_entry_main &rArr; main &rArr; $Super$$main &rArr; grafcet() &rArr; action() &rArr; Sht31::readTemperature() &rArr; Sht31::readTempHum() &rArr; Sht31::writeCommand(unsigned short) &rArr; mbed::I2C::write(int, const char*, int, bool) &rArr; i2c_write &rArr; i2c_init &rArr; i2c_frequency &rArr; mbed_assert_internal &rArr; mbed_die &rArr; gpio_init_out &rArr; gpio_init &rArr; pin_function &rArr;  mbed_assert_internal (Cycle)
<P>
<H3>
Mutually Recursive functions
</H3> <LI><a href="#[d]">NMI_Handler</a>&nbsp;&nbsp;&nbsp;&rArr;&nbsp;&nbsp;&nbsp;<a href="#[d]">NMI_Handler</a><BR>
 <LI><a href="#[e]">HardFault_Handler</a>&nbsp;&nbsp;&nbsp;&rArr;&nbsp;&nbsp;&nbsp;<a href="#[e]">HardFault_Handler</a><BR>
 <LI><a href="#[f]">MemManage_Handler</a>&nbsp;&nbsp;&nbsp;&rArr;&nbsp;&nbsp;&nbsp;<a href="#[f]">MemManage_Handler</a><BR>
 <LI><a href="#[10]">BusFault_Handler</a>&nbsp;&nbsp;&nbsp;&rArr;&nbsp;&nbsp;&nbsp;<a href="#[10]">BusFault_Handler</a><BR>
 <LI><a href="#[11]">UsageFault_Handler</a>&nbsp;&nbsp;&nbsp;&rArr;&nbsp;&nbsp;&nbsp;<a href="#[11]">UsageFault_Handler</a><BR>
 <LI><a href="#[12]">SVC_Handler</a>&nbsp;&nbsp;&nbsp;&rArr;&nbsp;&nbsp;&nbsp;<a href="#[12]">SVC_Handler</a><BR>
 <LI><a href="#[13]">DebugMon_Handler</a>&nbsp;&nbsp;&nbsp;&rArr;&nbsp;&nbsp;&nbsp;<a href="#[13]">DebugMon_Handler</a><BR>
 <LI><a href="#[14]">PendSV_Handler</a>&nbsp;&nbsp;&nbsp;&rArr;&nbsp;&nbsp;&nbsp;<a href="#[14]">PendSV_Handler</a><BR>
 <LI><a href="#[15]">SysTick_Handler</a>&nbsp;&nbsp;&nbsp;&rArr;&nbsp;&nbsp;&nbsp;<a href="#[15]">SysTick_Handler</a><BR>
 <LI><a href="#[28]">ADC_IRQHandler</a>&nbsp;&nbsp;&nbsp;&rArr;&nbsp;&nbsp;&nbsp;<a href="#[28]">ADC_IRQHandler</a><BR>
 <LI><a href="#[199]">hal_critical_section_exit</a>&nbsp;&nbsp;&nbsp;&rArr;&nbsp;&nbsp;&nbsp;<a href="#[169]">mbed_assert_internal</a><BR>
 <LI><a href="#[196]">core_util_critical_section_enter</a>&nbsp;&nbsp;&nbsp;&rArr;&nbsp;&nbsp;&nbsp;<a href="#[169]">mbed_assert_internal</a><BR>
 <LI><a href="#[1ab]">initialize</a>&nbsp;&nbsp;&nbsp;&rArr;&nbsp;&nbsp;&nbsp;<a href="#[169]">mbed_assert_internal</a><BR>
 <LI><a href="#[e2]">exit</a>&nbsp;&nbsp;&nbsp;&rArr;&nbsp;&nbsp;&nbsp;<a href="#[19c]">mbed_die</a><BR>
 <LI><a href="#[174]">__cxa_guard_release</a>&nbsp;&nbsp;&nbsp;&rArr;&nbsp;&nbsp;&nbsp;<a href="#[169]">mbed_assert_internal</a><BR>
 <LI><a href="#[170]">__cxa_guard_acquire</a>&nbsp;&nbsp;&nbsp;&rArr;&nbsp;&nbsp;&nbsp;<a href="#[169]">mbed_assert_internal</a><BR>
 <LI><a href="#[1a7]">pinmap_merge</a>&nbsp;&nbsp;&nbsp;&rArr;&nbsp;&nbsp;&nbsp;<a href="#[165]">error</a><BR>
 <LI><a href="#[1a3]">pin_mode</a>&nbsp;&nbsp;&nbsp;&rArr;&nbsp;&nbsp;&nbsp;<a href="#[164]">Set_GPIO_Clock</a><BR>
 <LI><a href="#[1a8]">pinmap_pinout</a>&nbsp;&nbsp;&nbsp;&rArr;&nbsp;&nbsp;&nbsp;<a href="#[19f]">pin_function</a><BR>
 <LI><a href="#[1a6]">pinmap_peripheral</a>&nbsp;&nbsp;&nbsp;&rArr;&nbsp;&nbsp;&nbsp;<a href="#[165]">error</a><BR>
 <LI><a href="#[171]">serial_init</a>&nbsp;&nbsp;&nbsp;&rArr;&nbsp;&nbsp;&nbsp;<a href="#[169]">mbed_assert_internal</a><BR>
 <LI><a href="#[19f]">pin_function</a>&nbsp;&nbsp;&nbsp;&rArr;&nbsp;&nbsp;&nbsp;<a href="#[169]">mbed_assert_internal</a><BR>
 <LI><a href="#[195]">core_util_atomic_decr_u16</a>&nbsp;&nbsp;&nbsp;&rArr;&nbsp;&nbsp;&nbsp;<a href="#[195]">core_util_atomic_decr_u16</a><BR>
</UL>
<P>
<H3>
Function Pointers
</H3><UL>
 <LI><a href="#[28]">ADC_IRQHandler</a> from mbed/TARGET_NUCLEO_F767ZI/TOOLCHAIN_ARM_STD/startup_stm32f767xx.o(.text) referenced from mbed/TARGET_NUCLEO_F767ZI/TOOLCHAIN_ARM_STD/startup_stm32f767xx.o(RESET)
 <LI><a href="#[10]">BusFault_Handler</a> from mbed/TARGET_NUCLEO_F767ZI/TOOLCHAIN_ARM_STD/startup_stm32f767xx.o(.text) referenced from mbed/TARGET_NUCLEO_F767ZI/TOOLCHAIN_ARM_STD/startup_stm32f767xx.o(RESET)
 <LI><a href="#[2a]">CAN1_RX0_IRQHandler</a> from mbed/TARGET_NUCLEO_F767ZI/TOOLCHAIN_ARM_STD/can_api.o(i.CAN1_RX0_IRQHandler) referenced from mbed/TARGET_NUCLEO_F767ZI/TOOLCHAIN_ARM_STD/startup_stm32f767xx.o(RESET)
 <LI><a href="#[2b]">CAN1_RX1_IRQHandler</a> from mbed/TARGET_NUCLEO_F767ZI/TOOLCHAIN_ARM_STD/startup_stm32f767xx.o(.text) referenced from mbed/TARGET_NUCLEO_F767ZI/TOOLCHAIN_ARM_STD/startup_stm32f767xx.o(RESET)
 <LI><a href="#[2c]">CAN1_SCE_IRQHandler</a> from mbed/TARGET_NUCLEO_F767ZI/TOOLCHAIN_ARM_STD/can_api.o(i.CAN1_SCE_IRQHandler) referenced from mbed/TARGET_NUCLEO_F767ZI/TOOLCHAIN_ARM_STD/startup_stm32f767xx.o(RESET)
 <LI><a href="#[29]">CAN1_TX_IRQHandler</a> from mbed/TARGET_NUCLEO_F767ZI/TOOLCHAIN_ARM_STD/can_api.o(i.CAN1_TX_IRQHandler) referenced from mbed/TARGET_NUCLEO_F767ZI/TOOLCHAIN_ARM_STD/startup_stm32f767xx.o(RESET)
 <LI><a href="#[56]">CAN2_RX0_IRQHandler</a> from mbed/TARGET_NUCLEO_F767ZI/TOOLCHAIN_ARM_STD/can_api.o(i.CAN2_RX0_IRQHandler) referenced from mbed/TARGET_NUCLEO_F767ZI/TOOLCHAIN_ARM_STD/startup_stm32f767xx.o(RESET)
 <LI><a href="#[57]">CAN2_RX1_IRQHandler</a> from mbed/TARGET_NUCLEO_F767ZI/TOOLCHAIN_ARM_STD/startup_stm32f767xx.o(.text) referenced from mbed/TARGET_NUCLEO_F767ZI/TOOLCHAIN_ARM_STD/startup_stm32f767xx.o(RESET)
 <LI><a href="#[58]">CAN2_SCE_IRQHandler</a> from mbed/TARGET_NUCLEO_F767ZI/TOOLCHAIN_ARM_STD/can_api.o(i.CAN2_SCE_IRQHandler) referenced from mbed/TARGET_NUCLEO_F767ZI/TOOLCHAIN_ARM_STD/startup_stm32f767xx.o(RESET)
 <LI><a href="#[55]">CAN2_TX_IRQHandler</a> from mbed/TARGET_NUCLEO_F767ZI/TOOLCHAIN_ARM_STD/can_api.o(i.CAN2_TX_IRQHandler) referenced from mbed/TARGET_NUCLEO_F767ZI/TOOLCHAIN_ARM_STD/startup_stm32f767xx.o(RESET)
 <LI><a href="#[7d]">CAN3_RX0_IRQHandler</a> from mbed/TARGET_NUCLEO_F767ZI/TOOLCHAIN_ARM_STD/can_api.o(i.CAN3_RX0_IRQHandler) referenced from mbed/TARGET_NUCLEO_F767ZI/TOOLCHAIN_ARM_STD/startup_stm32f767xx.o(RESET)
 <LI><a href="#[7e]">CAN3_RX1_IRQHandler</a> from mbed/TARGET_NUCLEO_F767ZI/TOOLCHAIN_ARM_STD/startup_stm32f767xx.o(.text) referenced from mbed/TARGET_NUCLEO_F767ZI/TOOLCHAIN_ARM_STD/startup_stm32f767xx.o(RESET)
 <LI><a href="#[7f]">CAN3_SCE_IRQHandler</a> from mbed/TARGET_NUCLEO_F767ZI/TOOLCHAIN_ARM_STD/can_api.o(i.CAN3_SCE_IRQHandler) referenced from mbed/TARGET_NUCLEO_F767ZI/TOOLCHAIN_ARM_STD/startup_stm32f767xx.o(RESET)
 <LI><a href="#[7c]">CAN3_TX_IRQHandler</a> from mbed/TARGET_NUCLEO_F767ZI/TOOLCHAIN_ARM_STD/can_api.o(i.CAN3_TX_IRQHandler) referenced from mbed/TARGET_NUCLEO_F767ZI/TOOLCHAIN_ARM_STD/startup_stm32f767xx.o(RESET)
 <LI><a href="#[73]">CEC_IRQHandler</a> from mbed/TARGET_NUCLEO_F767ZI/TOOLCHAIN_ARM_STD/startup_stm32f767xx.o(.text) referenced from mbed/TARGET_NUCLEO_F767ZI/TOOLCHAIN_ARM_STD/startup_stm32f767xx.o(RESET)
 <LI><a href="#[64]">DCMI_IRQHandler</a> from mbed/TARGET_NUCLEO_F767ZI/TOOLCHAIN_ARM_STD/startup_stm32f767xx.o(.text) referenced from mbed/TARGET_NUCLEO_F767ZI/TOOLCHAIN_ARM_STD/startup_stm32f767xx.o(RESET)
 <LI><a href="#[77]">DFSDM1_FLT0_IRQHandler</a> from mbed/TARGET_NUCLEO_F767ZI/TOOLCHAIN_ARM_STD/startup_stm32f767xx.o(.text) referenced from mbed/TARGET_NUCLEO_F767ZI/TOOLCHAIN_ARM_STD/startup_stm32f767xx.o(RESET)
 <LI><a href="#[78]">DFSDM1_FLT1_IRQHandler</a> from mbed/TARGET_NUCLEO_F767ZI/TOOLCHAIN_ARM_STD/startup_stm32f767xx.o(.text) referenced from mbed/TARGET_NUCLEO_F767ZI/TOOLCHAIN_ARM_STD/startup_stm32f767xx.o(RESET)
 <LI><a href="#[79]">DFSDM1_FLT2_IRQHandler</a> from mbed/TARGET_NUCLEO_F767ZI/TOOLCHAIN_ARM_STD/startup_stm32f767xx.o(.text) referenced from mbed/TARGET_NUCLEO_F767ZI/TOOLCHAIN_ARM_STD/startup_stm32f767xx.o(RESET)
 <LI><a href="#[7a]">DFSDM1_FLT3_IRQHandler</a> from mbed/TARGET_NUCLEO_F767ZI/TOOLCHAIN_ARM_STD/startup_stm32f767xx.o(.text) referenced from mbed/TARGET_NUCLEO_F767ZI/TOOLCHAIN_ARM_STD/startup_stm32f767xx.o(RESET)
 <LI><a href="#[21]">DMA1_Stream0_IRQHandler</a> from mbed/TARGET_NUCLEO_F767ZI/TOOLCHAIN_ARM_STD/startup_stm32f767xx.o(.text) referenced from mbed/TARGET_NUCLEO_F767ZI/TOOLCHAIN_ARM_STD/startup_stm32f767xx.o(RESET)
 <LI><a href="#[22]">DMA1_Stream1_IRQHandler</a> from mbed/TARGET_NUCLEO_F767ZI/TOOLCHAIN_ARM_STD/startup_stm32f767xx.o(.text) referenced from mbed/TARGET_NUCLEO_F767ZI/TOOLCHAIN_ARM_STD/startup_stm32f767xx.o(RESET)
 <LI><a href="#[23]">DMA1_Stream2_IRQHandler</a> from mbed/TARGET_NUCLEO_F767ZI/TOOLCHAIN_ARM_STD/startup_stm32f767xx.o(.text) referenced from mbed/TARGET_NUCLEO_F767ZI/TOOLCHAIN_ARM_STD/startup_stm32f767xx.o(RESET)
 <LI><a href="#[24]">DMA1_Stream3_IRQHandler</a> from mbed/TARGET_NUCLEO_F767ZI/TOOLCHAIN_ARM_STD/startup_stm32f767xx.o(.text) referenced from mbed/TARGET_NUCLEO_F767ZI/TOOLCHAIN_ARM_STD/startup_stm32f767xx.o(RESET)
 <LI><a href="#[25]">DMA1_Stream4_IRQHandler</a> from mbed/TARGET_NUCLEO_F767ZI/TOOLCHAIN_ARM_STD/startup_stm32f767xx.o(.text) referenced from mbed/TARGET_NUCLEO_F767ZI/TOOLCHAIN_ARM_STD/startup_stm32f767xx.o(RESET)
 <LI><a href="#[26]">DMA1_Stream5_IRQHandler</a> from mbed/TARGET_NUCLEO_F767ZI/TOOLCHAIN_ARM_STD/startup_stm32f767xx.o(.text) referenced from mbed/TARGET_NUCLEO_F767ZI/TOOLCHAIN_ARM_STD/startup_stm32f767xx.o(RESET)
 <LI><a href="#[27]">DMA1_Stream6_IRQHandler</a> from mbed/TARGET_NUCLEO_F767ZI/TOOLCHAIN_ARM_STD/startup_stm32f767xx.o(.text) referenced from mbed/TARGET_NUCLEO_F767ZI/TOOLCHAIN_ARM_STD/startup_stm32f767xx.o(RESET)
 <LI><a href="#[45]">DMA1_Stream7_IRQHandler</a> from mbed/TARGET_NUCLEO_F767ZI/TOOLCHAIN_ARM_STD/startup_stm32f767xx.o(.text) referenced from mbed/TARGET_NUCLEO_F767ZI/TOOLCHAIN_ARM_STD/startup_stm32f767xx.o(RESET)
 <LI><a href="#[6f]">DMA2D_IRQHandler</a> from mbed/TARGET_NUCLEO_F767ZI/TOOLCHAIN_ARM_STD/startup_stm32f767xx.o(.text) referenced from mbed/TARGET_NUCLEO_F767ZI/TOOLCHAIN_ARM_STD/startup_stm32f767xx.o(RESET)
 <LI><a href="#[4e]">DMA2_Stream0_IRQHandler</a> from mbed/TARGET_NUCLEO_F767ZI/TOOLCHAIN_ARM_STD/startup_stm32f767xx.o(.text) referenced from mbed/TARGET_NUCLEO_F767ZI/TOOLCHAIN_ARM_STD/startup_stm32f767xx.o(RESET)
 <LI><a href="#[4f]">DMA2_Stream1_IRQHandler</a> from mbed/TARGET_NUCLEO_F767ZI/TOOLCHAIN_ARM_STD/startup_stm32f767xx.o(.text) referenced from mbed/TARGET_NUCLEO_F767ZI/TOOLCHAIN_ARM_STD/startup_stm32f767xx.o(RESET)
 <LI><a href="#[50]">DMA2_Stream2_IRQHandler</a> from mbed/TARGET_NUCLEO_F767ZI/TOOLCHAIN_ARM_STD/startup_stm32f767xx.o(.text) referenced from mbed/TARGET_NUCLEO_F767ZI/TOOLCHAIN_ARM_STD/startup_stm32f767xx.o(RESET)
 <LI><a href="#[51]">DMA2_Stream3_IRQHandler</a> from mbed/TARGET_NUCLEO_F767ZI/TOOLCHAIN_ARM_STD/startup_stm32f767xx.o(.text) referenced from mbed/TARGET_NUCLEO_F767ZI/TOOLCHAIN_ARM_STD/startup_stm32f767xx.o(RESET)
 <LI><a href="#[52]">DMA2_Stream4_IRQHandler</a> from mbed/TARGET_NUCLEO_F767ZI/TOOLCHAIN_ARM_STD/startup_stm32f767xx.o(.text) referenced from mbed/TARGET_NUCLEO_F767ZI/TOOLCHAIN_ARM_STD/startup_stm32f767xx.o(RESET)
 <LI><a href="#[5a]">DMA2_Stream5_IRQHandler</a> from mbed/TARGET_NUCLEO_F767ZI/TOOLCHAIN_ARM_STD/startup_stm32f767xx.o(.text) referenced from mbed/TARGET_NUCLEO_F767ZI/TOOLCHAIN_ARM_STD/startup_stm32f767xx.o(RESET)
 <LI><a href="#[5b]">DMA2_Stream6_IRQHandler</a> from mbed/TARGET_NUCLEO_F767ZI/TOOLCHAIN_ARM_STD/startup_stm32f767xx.o(.text) referenced from mbed/TARGET_NUCLEO_F767ZI/TOOLCHAIN_ARM_STD/startup_stm32f767xx.o(RESET)
 <LI><a href="#[5c]">DMA2_Stream7_IRQHandler</a> from mbed/TARGET_NUCLEO_F767ZI/TOOLCHAIN_ARM_STD/startup_stm32f767xx.o(.text) referenced from mbed/TARGET_NUCLEO_F767ZI/TOOLCHAIN_ARM_STD/startup_stm32f767xx.o(RESET)
 <LI><a href="#[13]">DebugMon_Handler</a> from mbed/TARGET_NUCLEO_F767ZI/TOOLCHAIN_ARM_STD/startup_stm32f767xx.o(.text) referenced from mbed/TARGET_NUCLEO_F767ZI/TOOLCHAIN_ARM_STD/startup_stm32f767xx.o(RESET)
 <LI><a href="#[53]">ETH_IRQHandler</a> from mbed/TARGET_NUCLEO_F767ZI/TOOLCHAIN_ARM_STD/startup_stm32f767xx.o(.text) referenced from mbed/TARGET_NUCLEO_F767ZI/TOOLCHAIN_ARM_STD/startup_stm32f767xx.o(RESET)
 <LI><a href="#[54]">ETH_WKUP_IRQHandler</a> from mbed/TARGET_NUCLEO_F767ZI/TOOLCHAIN_ARM_STD/startup_stm32f767xx.o(.text) referenced from mbed/TARGET_NUCLEO_F767ZI/TOOLCHAIN_ARM_STD/startup_stm32f767xx.o(RESET)
 <LI><a href="#[1c]">EXTI0_IRQHandler</a> from mbed/TARGET_NUCLEO_F767ZI/TOOLCHAIN_ARM_STD/startup_stm32f767xx.o(.text) referenced from mbed/TARGET_NUCLEO_F767ZI/TOOLCHAIN_ARM_STD/startup_stm32f767xx.o(RESET)
 <LI><a href="#[3e]">EXTI15_10_IRQHandler</a> from mbed/TARGET_NUCLEO_F767ZI/TOOLCHAIN_ARM_STD/startup_stm32f767xx.o(.text) referenced from mbed/TARGET_NUCLEO_F767ZI/TOOLCHAIN_ARM_STD/startup_stm32f767xx.o(RESET)
 <LI><a href="#[1d]">EXTI1_IRQHandler</a> from mbed/TARGET_NUCLEO_F767ZI/TOOLCHAIN_ARM_STD/startup_stm32f767xx.o(.text) referenced from mbed/TARGET_NUCLEO_F767ZI/TOOLCHAIN_ARM_STD/startup_stm32f767xx.o(RESET)
 <LI><a href="#[1e]">EXTI2_IRQHandler</a> from mbed/TARGET_NUCLEO_F767ZI/TOOLCHAIN_ARM_STD/startup_stm32f767xx.o(.text) referenced from mbed/TARGET_NUCLEO_F767ZI/TOOLCHAIN_ARM_STD/startup_stm32f767xx.o(RESET)
 <LI><a href="#[1f]">EXTI3_IRQHandler</a> from mbed/TARGET_NUCLEO_F767ZI/TOOLCHAIN_ARM_STD/startup_stm32f767xx.o(.text) referenced from mbed/TARGET_NUCLEO_F767ZI/TOOLCHAIN_ARM_STD/startup_stm32f767xx.o(RESET)
 <LI><a href="#[20]">EXTI4_IRQHandler</a> from mbed/TARGET_NUCLEO_F767ZI/TOOLCHAIN_ARM_STD/startup_stm32f767xx.o(.text) referenced from mbed/TARGET_NUCLEO_F767ZI/TOOLCHAIN_ARM_STD/startup_stm32f767xx.o(RESET)
 <LI><a href="#[2d]">EXTI9_5_IRQHandler</a> from mbed/TARGET_NUCLEO_F767ZI/TOOLCHAIN_ARM_STD/startup_stm32f767xx.o(.text) referenced from mbed/TARGET_NUCLEO_F767ZI/TOOLCHAIN_ARM_STD/startup_stm32f767xx.o(RESET)
 <LI><a href="#[1a]">FLASH_IRQHandler</a> from mbed/TARGET_NUCLEO_F767ZI/TOOLCHAIN_ARM_STD/startup_stm32f767xx.o(.text) referenced from mbed/TARGET_NUCLEO_F767ZI/TOOLCHAIN_ARM_STD/startup_stm32f767xx.o(RESET)
 <LI><a href="#[46]">FMC_IRQHandler</a> from mbed/TARGET_NUCLEO_F767ZI/TOOLCHAIN_ARM_STD/startup_stm32f767xx.o(.text) referenced from mbed/TARGET_NUCLEO_F767ZI/TOOLCHAIN_ARM_STD/startup_stm32f767xx.o(RESET)
 <LI><a href="#[66]">FPU_IRQHandler</a> from mbed/TARGET_NUCLEO_F767ZI/TOOLCHAIN_ARM_STD/startup_stm32f767xx.o(.text) referenced from mbed/TARGET_NUCLEO_F767ZI/TOOLCHAIN_ARM_STD/startup_stm32f767xx.o(RESET)
 <LI><a href="#[e]">HardFault_Handler</a> from mbed/TARGET_NUCLEO_F767ZI/TOOLCHAIN_ARM_STD/startup_stm32f767xx.o(.text) referenced from mbed/TARGET_NUCLEO_F767ZI/TOOLCHAIN_ARM_STD/startup_stm32f767xx.o(RESET)
 <LI><a href="#[36]">I2C1_ER_IRQHandler</a> from mbed/TARGET_NUCLEO_F767ZI/TOOLCHAIN_ARM_STD/startup_stm32f767xx.o(.text) referenced from mbed/TARGET_NUCLEO_F767ZI/TOOLCHAIN_ARM_STD/startup_stm32f767xx.o(RESET)
 <LI><a href="#[35]">I2C1_EV_IRQHandler</a> from mbed/TARGET_NUCLEO_F767ZI/TOOLCHAIN_ARM_STD/startup_stm32f767xx.o(.text) referenced from mbed/TARGET_NUCLEO_F767ZI/TOOLCHAIN_ARM_STD/startup_stm32f767xx.o(RESET)
 <LI><a href="#[38]">I2C2_ER_IRQHandler</a> from mbed/TARGET_NUCLEO_F767ZI/TOOLCHAIN_ARM_STD/startup_stm32f767xx.o(.text) referenced from mbed/TARGET_NUCLEO_F767ZI/TOOLCHAIN_ARM_STD/startup_stm32f767xx.o(RESET)
 <LI><a href="#[37]">I2C2_EV_IRQHandler</a> from mbed/TARGET_NUCLEO_F767ZI/TOOLCHAIN_ARM_STD/startup_stm32f767xx.o(.text) referenced from mbed/TARGET_NUCLEO_F767ZI/TOOLCHAIN_ARM_STD/startup_stm32f767xx.o(RESET)
 <LI><a href="#[5f]">I2C3_ER_IRQHandler</a> from mbed/TARGET_NUCLEO_F767ZI/TOOLCHAIN_ARM_STD/startup_stm32f767xx.o(.text) referenced from mbed/TARGET_NUCLEO_F767ZI/TOOLCHAIN_ARM_STD/startup_stm32f767xx.o(RESET)
 <LI><a href="#[5e]">I2C3_EV_IRQHandler</a> from mbed/TARGET_NUCLEO_F767ZI/TOOLCHAIN_ARM_STD/startup_stm32f767xx.o(.text) referenced from mbed/TARGET_NUCLEO_F767ZI/TOOLCHAIN_ARM_STD/startup_stm32f767xx.o(RESET)
 <LI><a href="#[75]">I2C4_ER_IRQHandler</a> from mbed/TARGET_NUCLEO_F767ZI/TOOLCHAIN_ARM_STD/startup_stm32f767xx.o(.text) referenced from mbed/TARGET_NUCLEO_F767ZI/TOOLCHAIN_ARM_STD/startup_stm32f767xx.o(RESET)
 <LI><a href="#[74]">I2C4_EV_IRQHandler</a> from mbed/TARGET_NUCLEO_F767ZI/TOOLCHAIN_ARM_STD/startup_stm32f767xx.o(.text) referenced from mbed/TARGET_NUCLEO_F767ZI/TOOLCHAIN_ARM_STD/startup_stm32f767xx.o(RESET)
 <LI><a href="#[91]">I2C_DMAAbort</a> from mbed/TARGET_NUCLEO_F767ZI/TOOLCHAIN_ARM_STD/stm32f7xx_hal_i2c.o(i.I2C_DMAAbort) referenced from mbed/TARGET_NUCLEO_F767ZI/TOOLCHAIN_ARM_STD/stm32f7xx_hal_i2c.o(i.I2C_ITError)
 <LI><a href="#[8f]">I2C_Master_ISR_DMA</a> from mbed/TARGET_NUCLEO_F767ZI/TOOLCHAIN_ARM_STD/stm32f7xx_hal_i2c.o(i.I2C_Master_ISR_DMA) referenced from mbed/TARGET_NUCLEO_F767ZI/TOOLCHAIN_ARM_STD/stm32f7xx_hal_i2c.o(i.I2C_Enable_IRQ)
 <LI><a href="#[8d]">I2C_Master_ISR_IT</a> from mbed/TARGET_NUCLEO_F767ZI/TOOLCHAIN_ARM_STD/stm32f7xx_hal_i2c.o(i.I2C_Master_ISR_IT) referenced from mbed/TARGET_NUCLEO_F767ZI/TOOLCHAIN_ARM_STD/stm32f7xx_hal_i2c.o(i.HAL_I2C_Master_Sequential_Receive_IT)
 <LI><a href="#[8d]">I2C_Master_ISR_IT</a> from mbed/TARGET_NUCLEO_F767ZI/TOOLCHAIN_ARM_STD/stm32f7xx_hal_i2c.o(i.I2C_Master_ISR_IT) referenced from mbed/TARGET_NUCLEO_F767ZI/TOOLCHAIN_ARM_STD/stm32f7xx_hal_i2c.o(i.HAL_I2C_Master_Sequential_Transmit_IT)
 <LI><a href="#[90]">I2C_Slave_ISR_DMA</a> from mbed/TARGET_NUCLEO_F767ZI/TOOLCHAIN_ARM_STD/stm32f7xx_hal_i2c.o(i.I2C_Slave_ISR_DMA) referenced from mbed/TARGET_NUCLEO_F767ZI/TOOLCHAIN_ARM_STD/stm32f7xx_hal_i2c.o(i.I2C_Enable_IRQ)
 <LI><a href="#[88]">I2C_Slave_ISR_IT</a> from mbed/TARGET_NUCLEO_F767ZI/TOOLCHAIN_ARM_STD/stm32f7xx_hal_i2c.o(i.I2C_Slave_ISR_IT) referenced from mbed/TARGET_NUCLEO_F767ZI/TOOLCHAIN_ARM_STD/stm32f7xx_hal_i2c.o(i.HAL_I2C_EnableListen_IT)
 <LI><a href="#[88]">I2C_Slave_ISR_IT</a> from mbed/TARGET_NUCLEO_F767ZI/TOOLCHAIN_ARM_STD/stm32f7xx_hal_i2c.o(i.I2C_Slave_ISR_IT) referenced from mbed/TARGET_NUCLEO_F767ZI/TOOLCHAIN_ARM_STD/stm32f7xx_hal_i2c.o(i.I2C_ITError)
 <LI><a href="#[80]">JPEG_IRQHandler</a> from mbed/TARGET_NUCLEO_F767ZI/TOOLCHAIN_ARM_STD/startup_stm32f767xx.o(.text) referenced from mbed/TARGET_NUCLEO_F767ZI/TOOLCHAIN_ARM_STD/startup_stm32f767xx.o(RESET)
 <LI><a href="#[72]">LPTIM1_IRQHandler</a> from mbed/TARGET_NUCLEO_F767ZI/TOOLCHAIN_ARM_STD/startup_stm32f767xx.o(.text) referenced from mbed/TARGET_NUCLEO_F767ZI/TOOLCHAIN_ARM_STD/startup_stm32f767xx.o(RESET)
 <LI><a href="#[6e]">LTDC_ER_IRQHandler</a> from mbed/TARGET_NUCLEO_F767ZI/TOOLCHAIN_ARM_STD/startup_stm32f767xx.o(.text) referenced from mbed/TARGET_NUCLEO_F767ZI/TOOLCHAIN_ARM_STD/startup_stm32f767xx.o(RESET)
 <LI><a href="#[6d]">LTDC_IRQHandler</a> from mbed/TARGET_NUCLEO_F767ZI/TOOLCHAIN_ARM_STD/startup_stm32f767xx.o(.text) referenced from mbed/TARGET_NUCLEO_F767ZI/TOOLCHAIN_ARM_STD/startup_stm32f767xx.o(RESET)
 <LI><a href="#[81]">MDIOS_IRQHandler</a> from mbed/TARGET_NUCLEO_F767ZI/TOOLCHAIN_ARM_STD/startup_stm32f767xx.o(.text) referenced from mbed/TARGET_NUCLEO_F767ZI/TOOLCHAIN_ARM_STD/startup_stm32f767xx.o(RESET)
 <LI><a href="#[f]">MemManage_Handler</a> from mbed/TARGET_NUCLEO_F767ZI/TOOLCHAIN_ARM_STD/startup_stm32f767xx.o(.text) referenced from mbed/TARGET_NUCLEO_F767ZI/TOOLCHAIN_ARM_STD/startup_stm32f767xx.o(RESET)
 <LI><a href="#[d]">NMI_Handler</a> from mbed/TARGET_NUCLEO_F767ZI/TOOLCHAIN_ARM_STD/startup_stm32f767xx.o(.text) referenced from mbed/TARGET_NUCLEO_F767ZI/TOOLCHAIN_ARM_STD/startup_stm32f767xx.o(RESET)
 <LI><a href="#[59]">OTG_FS_IRQHandler</a> from mbed/TARGET_NUCLEO_F767ZI/TOOLCHAIN_ARM_STD/startup_stm32f767xx.o(.text) referenced from mbed/TARGET_NUCLEO_F767ZI/TOOLCHAIN_ARM_STD/startup_stm32f767xx.o(RESET)
 <LI><a href="#[40]">OTG_FS_WKUP_IRQHandler</a> from mbed/TARGET_NUCLEO_F767ZI/TOOLCHAIN_ARM_STD/startup_stm32f767xx.o(.text) referenced from mbed/TARGET_NUCLEO_F767ZI/TOOLCHAIN_ARM_STD/startup_stm32f767xx.o(RESET)
 <LI><a href="#[61]">OTG_HS_EP1_IN_IRQHandler</a> from mbed/TARGET_NUCLEO_F767ZI/TOOLCHAIN_ARM_STD/startup_stm32f767xx.o(.text) referenced from mbed/TARGET_NUCLEO_F767ZI/TOOLCHAIN_ARM_STD/startup_stm32f767xx.o(RESET)
 <LI><a href="#[60]">OTG_HS_EP1_OUT_IRQHandler</a> from mbed/TARGET_NUCLEO_F767ZI/TOOLCHAIN_ARM_STD/startup_stm32f767xx.o(.text) referenced from mbed/TARGET_NUCLEO_F767ZI/TOOLCHAIN_ARM_STD/startup_stm32f767xx.o(RESET)
 <LI><a href="#[63]">OTG_HS_IRQHandler</a> from mbed/TARGET_NUCLEO_F767ZI/TOOLCHAIN_ARM_STD/startup_stm32f767xx.o(.text) referenced from mbed/TARGET_NUCLEO_F767ZI/TOOLCHAIN_ARM_STD/startup_stm32f767xx.o(RESET)
 <LI><a href="#[62]">OTG_HS_WKUP_IRQHandler</a> from mbed/TARGET_NUCLEO_F767ZI/TOOLCHAIN_ARM_STD/startup_stm32f767xx.o(.text) referenced from mbed/TARGET_NUCLEO_F767ZI/TOOLCHAIN_ARM_STD/startup_stm32f767xx.o(RESET)
 <LI><a href="#[17]">PVD_IRQHandler</a> from mbed/TARGET_NUCLEO_F767ZI/TOOLCHAIN_ARM_STD/startup_stm32f767xx.o(.text) referenced from mbed/TARGET_NUCLEO_F767ZI/TOOLCHAIN_ARM_STD/startup_stm32f767xx.o(RESET)
 <LI><a href="#[14]">PendSV_Handler</a> from mbed/TARGET_NUCLEO_F767ZI/TOOLCHAIN_ARM_STD/startup_stm32f767xx.o(.text) referenced from mbed/TARGET_NUCLEO_F767ZI/TOOLCHAIN_ARM_STD/startup_stm32f767xx.o(RESET)
 <LI><a href="#[71]">QUADSPI_IRQHandler</a> from mbed/TARGET_NUCLEO_F767ZI/TOOLCHAIN_ARM_STD/startup_stm32f767xx.o(.text) referenced from mbed/TARGET_NUCLEO_F767ZI/TOOLCHAIN_ARM_STD/startup_stm32f767xx.o(RESET)
 <LI><a href="#[1b]">RCC_IRQHandler</a> from mbed/TARGET_NUCLEO_F767ZI/TOOLCHAIN_ARM_STD/startup_stm32f767xx.o(.text) referenced from mbed/TARGET_NUCLEO_F767ZI/TOOLCHAIN_ARM_STD/startup_stm32f767xx.o(RESET)
 <LI><a href="#[65]">RNG_IRQHandler</a> from mbed/TARGET_NUCLEO_F767ZI/TOOLCHAIN_ARM_STD/startup_stm32f767xx.o(.text) referenced from mbed/TARGET_NUCLEO_F767ZI/TOOLCHAIN_ARM_STD/startup_stm32f767xx.o(RESET)
 <LI><a href="#[3f]">RTC_Alarm_IRQHandler</a> from mbed/TARGET_NUCLEO_F767ZI/TOOLCHAIN_ARM_STD/startup_stm32f767xx.o(.text) referenced from mbed/TARGET_NUCLEO_F767ZI/TOOLCHAIN_ARM_STD/startup_stm32f767xx.o(RESET)
 <LI><a href="#[19]">RTC_WKUP_IRQHandler</a> from mbed/TARGET_NUCLEO_F767ZI/TOOLCHAIN_ARM_STD/startup_stm32f767xx.o(.text) referenced from mbed/TARGET_NUCLEO_F767ZI/TOOLCHAIN_ARM_STD/startup_stm32f767xx.o(RESET)
 <LI><a href="#[c]">Reset_Handler</a> from mbed/TARGET_NUCLEO_F767ZI/TOOLCHAIN_ARM_STD/startup_stm32f767xx.o(.text) referenced from mbed/TARGET_NUCLEO_F767ZI/TOOLCHAIN_ARM_STD/startup_stm32f767xx.o(RESET)
 <LI><a href="#[6c]">SAI1_IRQHandler</a> from mbed/TARGET_NUCLEO_F767ZI/TOOLCHAIN_ARM_STD/startup_stm32f767xx.o(.text) referenced from mbed/TARGET_NUCLEO_F767ZI/TOOLCHAIN_ARM_STD/startup_stm32f767xx.o(RESET)
 <LI><a href="#[70]">SAI2_IRQHandler</a> from mbed/TARGET_NUCLEO_F767ZI/TOOLCHAIN_ARM_STD/startup_stm32f767xx.o(.text) referenced from mbed/TARGET_NUCLEO_F767ZI/TOOLCHAIN_ARM_STD/startup_stm32f767xx.o(RESET)
 <LI><a href="#[47]">SDMMC1_IRQHandler</a> from mbed/TARGET_NUCLEO_F767ZI/TOOLCHAIN_ARM_STD/startup_stm32f767xx.o(.text) referenced from mbed/TARGET_NUCLEO_F767ZI/TOOLCHAIN_ARM_STD/startup_stm32f767xx.o(RESET)
 <LI><a href="#[7b]">SDMMC2_IRQHandler</a> from mbed/TARGET_NUCLEO_F767ZI/TOOLCHAIN_ARM_STD/startup_stm32f767xx.o(.text) referenced from mbed/TARGET_NUCLEO_F767ZI/TOOLCHAIN_ARM_STD/startup_stm32f767xx.o(RESET)
 <LI><a href="#[76]">SPDIF_RX_IRQHandler</a> from mbed/TARGET_NUCLEO_F767ZI/TOOLCHAIN_ARM_STD/startup_stm32f767xx.o(.text) referenced from mbed/TARGET_NUCLEO_F767ZI/TOOLCHAIN_ARM_STD/startup_stm32f767xx.o(RESET)
 <LI><a href="#[39]">SPI1_IRQHandler</a> from mbed/TARGET_NUCLEO_F767ZI/TOOLCHAIN_ARM_STD/startup_stm32f767xx.o(.text) referenced from mbed/TARGET_NUCLEO_F767ZI/TOOLCHAIN_ARM_STD/startup_stm32f767xx.o(RESET)
 <LI><a href="#[3a]">SPI2_IRQHandler</a> from mbed/TARGET_NUCLEO_F767ZI/TOOLCHAIN_ARM_STD/startup_stm32f767xx.o(.text) referenced from mbed/TARGET_NUCLEO_F767ZI/TOOLCHAIN_ARM_STD/startup_stm32f767xx.o(RESET)
 <LI><a href="#[49]">SPI3_IRQHandler</a> from mbed/TARGET_NUCLEO_F767ZI/TOOLCHAIN_ARM_STD/startup_stm32f767xx.o(.text) referenced from mbed/TARGET_NUCLEO_F767ZI/TOOLCHAIN_ARM_STD/startup_stm32f767xx.o(RESET)
 <LI><a href="#[69]">SPI4_IRQHandler</a> from mbed/TARGET_NUCLEO_F767ZI/TOOLCHAIN_ARM_STD/startup_stm32f767xx.o(.text) referenced from mbed/TARGET_NUCLEO_F767ZI/TOOLCHAIN_ARM_STD/startup_stm32f767xx.o(RESET)
 <LI><a href="#[6a]">SPI5_IRQHandler</a> from mbed/TARGET_NUCLEO_F767ZI/TOOLCHAIN_ARM_STD/startup_stm32f767xx.o(.text) referenced from mbed/TARGET_NUCLEO_F767ZI/TOOLCHAIN_ARM_STD/startup_stm32f767xx.o(RESET)
 <LI><a href="#[6b]">SPI6_IRQHandler</a> from mbed/TARGET_NUCLEO_F767ZI/TOOLCHAIN_ARM_STD/startup_stm32f767xx.o(.text) referenced from mbed/TARGET_NUCLEO_F767ZI/TOOLCHAIN_ARM_STD/startup_stm32f767xx.o(RESET)
 <LI><a href="#[12]">SVC_Handler</a> from mbed/TARGET_NUCLEO_F767ZI/TOOLCHAIN_ARM_STD/startup_stm32f767xx.o(.text) referenced from mbed/TARGET_NUCLEO_F767ZI/TOOLCHAIN_ARM_STD/startup_stm32f767xx.o(RESET)
 <LI><a href="#[15]">SysTick_Handler</a> from mbed/TARGET_NUCLEO_F767ZI/TOOLCHAIN_ARM_STD/startup_stm32f767xx.o(.text) referenced from mbed/TARGET_NUCLEO_F767ZI/TOOLCHAIN_ARM_STD/startup_stm32f767xx.o(RESET)
 <LI><a href="#[82]">SystemInit</a> from mbed/TARGET_NUCLEO_F767ZI/TOOLCHAIN_ARM_STD/system_clock.o(i.SystemInit) referenced from mbed/TARGET_NUCLEO_F767ZI/TOOLCHAIN_ARM_STD/startup_stm32f767xx.o(.text)
 <LI><a href="#[18]">TAMP_STAMP_IRQHandler</a> from mbed/TARGET_NUCLEO_F767ZI/TOOLCHAIN_ARM_STD/startup_stm32f767xx.o(.text) referenced from mbed/TARGET_NUCLEO_F767ZI/TOOLCHAIN_ARM_STD/startup_stm32f767xx.o(RESET)
 <LI><a href="#[2e]">TIM1_BRK_TIM9_IRQHandler</a> from mbed/TARGET_NUCLEO_F767ZI/TOOLCHAIN_ARM_STD/startup_stm32f767xx.o(.text) referenced from mbed/TARGET_NUCLEO_F767ZI/TOOLCHAIN_ARM_STD/startup_stm32f767xx.o(RESET)
 <LI><a href="#[31]">TIM1_CC_IRQHandler</a> from mbed/TARGET_NUCLEO_F767ZI/TOOLCHAIN_ARM_STD/startup_stm32f767xx.o(.text) referenced from mbed/TARGET_NUCLEO_F767ZI/TOOLCHAIN_ARM_STD/startup_stm32f767xx.o(RESET)
 <LI><a href="#[30]">TIM1_TRG_COM_TIM11_IRQHandler</a> from mbed/TARGET_NUCLEO_F767ZI/TOOLCHAIN_ARM_STD/startup_stm32f767xx.o(.text) referenced from mbed/TARGET_NUCLEO_F767ZI/TOOLCHAIN_ARM_STD/startup_stm32f767xx.o(RESET)
 <LI><a href="#[2f]">TIM1_UP_TIM10_IRQHandler</a> from mbed/TARGET_NUCLEO_F767ZI/TOOLCHAIN_ARM_STD/startup_stm32f767xx.o(.text) referenced from mbed/TARGET_NUCLEO_F767ZI/TOOLCHAIN_ARM_STD/startup_stm32f767xx.o(RESET)
 <LI><a href="#[32]">TIM2_IRQHandler</a> from mbed/TARGET_NUCLEO_F767ZI/TOOLCHAIN_ARM_STD/startup_stm32f767xx.o(.text) referenced from mbed/TARGET_NUCLEO_F767ZI/TOOLCHAIN_ARM_STD/startup_stm32f767xx.o(RESET)
 <LI><a href="#[33]">TIM3_IRQHandler</a> from mbed/TARGET_NUCLEO_F767ZI/TOOLCHAIN_ARM_STD/startup_stm32f767xx.o(.text) referenced from mbed/TARGET_NUCLEO_F767ZI/TOOLCHAIN_ARM_STD/startup_stm32f767xx.o(RESET)
 <LI><a href="#[34]">TIM4_IRQHandler</a> from mbed/TARGET_NUCLEO_F767ZI/TOOLCHAIN_ARM_STD/startup_stm32f767xx.o(.text) referenced from mbed/TARGET_NUCLEO_F767ZI/TOOLCHAIN_ARM_STD/startup_stm32f767xx.o(RESET)
 <LI><a href="#[48]">TIM5_IRQHandler</a> from mbed/TARGET_NUCLEO_F767ZI/TOOLCHAIN_ARM_STD/startup_stm32f767xx.o(.text) referenced from mbed/TARGET_NUCLEO_F767ZI/TOOLCHAIN_ARM_STD/startup_stm32f767xx.o(RESET)
 <LI><a href="#[4c]">TIM6_DAC_IRQHandler</a> from mbed/TARGET_NUCLEO_F767ZI/TOOLCHAIN_ARM_STD/startup_stm32f767xx.o(.text) referenced from mbed/TARGET_NUCLEO_F767ZI/TOOLCHAIN_ARM_STD/startup_stm32f767xx.o(RESET)
 <LI><a href="#[4d]">TIM7_IRQHandler</a> from mbed/TARGET_NUCLEO_F767ZI/TOOLCHAIN_ARM_STD/startup_stm32f767xx.o(.text) referenced from mbed/TARGET_NUCLEO_F767ZI/TOOLCHAIN_ARM_STD/startup_stm32f767xx.o(RESET)
 <LI><a href="#[41]">TIM8_BRK_TIM12_IRQHandler</a> from mbed/TARGET_NUCLEO_F767ZI/TOOLCHAIN_ARM_STD/startup_stm32f767xx.o(.text) referenced from mbed/TARGET_NUCLEO_F767ZI/TOOLCHAIN_ARM_STD/startup_stm32f767xx.o(RESET)
 <LI><a href="#[44]">TIM8_CC_IRQHandler</a> from mbed/TARGET_NUCLEO_F767ZI/TOOLCHAIN_ARM_STD/startup_stm32f767xx.o(.text) referenced from mbed/TARGET_NUCLEO_F767ZI/TOOLCHAIN_ARM_STD/startup_stm32f767xx.o(RESET)
 <LI><a href="#[43]">TIM8_TRG_COM_TIM14_IRQHandler</a> from mbed/TARGET_NUCLEO_F767ZI/TOOLCHAIN_ARM_STD/startup_stm32f767xx.o(.text) referenced from mbed/TARGET_NUCLEO_F767ZI/TOOLCHAIN_ARM_STD/startup_stm32f767xx.o(RESET)
 <LI><a href="#[42]">TIM8_UP_TIM13_IRQHandler</a> from mbed/TARGET_NUCLEO_F767ZI/TOOLCHAIN_ARM_STD/startup_stm32f767xx.o(.text) referenced from mbed/TARGET_NUCLEO_F767ZI/TOOLCHAIN_ARM_STD/startup_stm32f767xx.o(RESET)
 <LI><a href="#[4a]">UART4_IRQHandler</a> from mbed/TARGET_NUCLEO_F767ZI/TOOLCHAIN_ARM_STD/startup_stm32f767xx.o(.text) referenced from mbed/TARGET_NUCLEO_F767ZI/TOOLCHAIN_ARM_STD/startup_stm32f767xx.o(RESET)
 <LI><a href="#[4b]">UART5_IRQHandler</a> from mbed/TARGET_NUCLEO_F767ZI/TOOLCHAIN_ARM_STD/startup_stm32f767xx.o(.text) referenced from mbed/TARGET_NUCLEO_F767ZI/TOOLCHAIN_ARM_STD/startup_stm32f767xx.o(RESET)
 <LI><a href="#[67]">UART7_IRQHandler</a> from mbed/TARGET_NUCLEO_F767ZI/TOOLCHAIN_ARM_STD/startup_stm32f767xx.o(.text) referenced from mbed/TARGET_NUCLEO_F767ZI/TOOLCHAIN_ARM_STD/startup_stm32f767xx.o(RESET)
 <LI><a href="#[68]">UART8_IRQHandler</a> from mbed/TARGET_NUCLEO_F767ZI/TOOLCHAIN_ARM_STD/startup_stm32f767xx.o(.text) referenced from mbed/TARGET_NUCLEO_F767ZI/TOOLCHAIN_ARM_STD/startup_stm32f767xx.o(RESET)
 <LI><a href="#[3b]">USART1_IRQHandler</a> from mbed/TARGET_NUCLEO_F767ZI/TOOLCHAIN_ARM_STD/startup_stm32f767xx.o(.text) referenced from mbed/TARGET_NUCLEO_F767ZI/TOOLCHAIN_ARM_STD/startup_stm32f767xx.o(RESET)
 <LI><a href="#[3c]">USART2_IRQHandler</a> from mbed/TARGET_NUCLEO_F767ZI/TOOLCHAIN_ARM_STD/startup_stm32f767xx.o(.text) referenced from mbed/TARGET_NUCLEO_F767ZI/TOOLCHAIN_ARM_STD/startup_stm32f767xx.o(RESET)
 <LI><a href="#[3d]">USART3_IRQHandler</a> from mbed/TARGET_NUCLEO_F767ZI/TOOLCHAIN_ARM_STD/startup_stm32f767xx.o(.text) referenced from mbed/TARGET_NUCLEO_F767ZI/TOOLCHAIN_ARM_STD/startup_stm32f767xx.o(RESET)
 <LI><a href="#[5d]">USART6_IRQHandler</a> from mbed/TARGET_NUCLEO_F767ZI/TOOLCHAIN_ARM_STD/startup_stm32f767xx.o(.text) referenced from mbed/TARGET_NUCLEO_F767ZI/TOOLCHAIN_ARM_STD/startup_stm32f767xx.o(RESET)
 <LI><a href="#[11]">UsageFault_Handler</a> from mbed/TARGET_NUCLEO_F767ZI/TOOLCHAIN_ARM_STD/startup_stm32f767xx.o(.text) referenced from mbed/TARGET_NUCLEO_F767ZI/TOOLCHAIN_ARM_STD/startup_stm32f767xx.o(RESET)
 <LI><a href="#[16]">WWDG_IRQHandler</a> from mbed/TARGET_NUCLEO_F767ZI/TOOLCHAIN_ARM_STD/startup_stm32f767xx.o(.text) referenced from mbed/TARGET_NUCLEO_F767ZI/TOOLCHAIN_ARM_STD/startup_stm32f767xx.o(RESET)
 <LI><a href="#[9e]">DirectSerial::seek(long, int)</a> from mbed/TARGET_NUCLEO_F767ZI/TOOLCHAIN_ARM_STD/mbed_retarget.o(i._ZN12DirectSerial4seekEli) referenced from mbed/TARGET_NUCLEO_F767ZI/TOOLCHAIN_ARM_STD/mbed_retarget.o(.constdata__ZTV12DirectSerial)
 <LI><a href="#[a1]">DirectSerial::size()</a> from mbed/TARGET_NUCLEO_F767ZI/TOOLCHAIN_ARM_STD/mbed_retarget.o(i._ZN12DirectSerial4sizeEv) referenced from mbed/TARGET_NUCLEO_F767ZI/TOOLCHAIN_ARM_STD/mbed_retarget.o(.constdata__ZTV12DirectSerial)
 <LI><a href="#[9f]">DirectSerial::close()</a> from mbed/TARGET_NUCLEO_F767ZI/TOOLCHAIN_ARM_STD/mbed_retarget.o(i._ZN12DirectSerial5closeEv) referenced from mbed/TARGET_NUCLEO_F767ZI/TOOLCHAIN_ARM_STD/mbed_retarget.o(.constdata__ZTV12DirectSerial)
 <LI><a href="#[9d]">DirectSerial::write(const void*, unsigned)</a> from mbed/TARGET_NUCLEO_F767ZI/TOOLCHAIN_ARM_STD/mbed_retarget.o(i._ZN12DirectSerial5writeEPKvj) referenced from mbed/TARGET_NUCLEO_F767ZI/TOOLCHAIN_ARM_STD/mbed_retarget.o(.constdata__ZTV12DirectSerial)
 <LI><a href="#[a0]">DirectSerial::isatty()</a> from mbed/TARGET_NUCLEO_F767ZI/TOOLCHAIN_ARM_STD/mbed_retarget.o(i._ZN12DirectSerial6isattyEv) referenced from mbed/TARGET_NUCLEO_F767ZI/TOOLCHAIN_ARM_STD/mbed_retarget.o(.constdata__ZTV12DirectSerial)
 <LI><a href="#[92]">DirectSerial::~DirectSerial()</a> from mbed/TARGET_NUCLEO_F767ZI/TOOLCHAIN_ARM_STD/mbed_retarget.o(i._ZN12DirectSerialD1Ev) referenced from mbed/TARGET_NUCLEO_F767ZI/TOOLCHAIN_ARM_STD/mbed_retarget.o(.constdata__ZTV12DirectSerial)
 <LI><a href="#[92]">DirectSerial::~DirectSerial()</a> from mbed/TARGET_NUCLEO_F767ZI/TOOLCHAIN_ARM_STD/mbed_retarget.o(i._ZN12DirectSerialD1Ev) referenced from mbed/TARGET_NUCLEO_F767ZI/TOOLCHAIN_ARM_STD/mbed_retarget.o(i._Z7get_fhci)
 <LI><a href="#[95]">mbed::I2C::irq_handler_asynch()</a> from mbed/TARGET_NUCLEO_F767ZI/TOOLCHAIN_ARM_STD/mbed.ar(I2C.o)(i._ZN4mbed3I2C18irq_handler_asynchEv) referenced from mbed/TARGET_NUCLEO_F767ZI/TOOLCHAIN_ARM_STD/mbed.ar(I2C.o)(.constdata)
 <LI><a href="#[a2]">mbed::I2C::lock()</a> from mbed/TARGET_NUCLEO_F767ZI/TOOLCHAIN_ARM_STD/mbed.ar(I2C.o)(i._ZN4mbed3I2C4lockEv) referenced from mbed/TARGET_NUCLEO_F767ZI/TOOLCHAIN_ARM_STD/mbed.ar(I2C.o)(.constdata__ZTVN4mbed3I2CE)
 <LI><a href="#[a3]">mbed::I2C::unlock()</a> from mbed/TARGET_NUCLEO_F767ZI/TOOLCHAIN_ARM_STD/mbed.ar(I2C.o)(i._ZN4mbed3I2C6unlockEv) referenced from mbed/TARGET_NUCLEO_F767ZI/TOOLCHAIN_ARM_STD/mbed.ar(I2C.o)(.constdata__ZTVN4mbed3I2CE)
 <LI><a href="#[94]">Sht31::~Sht31()</a> from .\build\main.o(i._ZN5Sht31D1Ev) referenced from .\build\main.o(i.__sti___8_main_cpp_Sht31)
 <LI><a href="#[93]">CThunk&lang;mbed::I2C&rang;::trampoline(mbed::I2C*, void*, void(mbed::I2C::**)(void*))</a> from mbed/TARGET_NUCLEO_F767ZI/TOOLCHAIN_ARM_STD/mbed.ar(I2C.o)(t._ZN6CThunkIN4mbed3I2CEE10trampolineEPS1_PvPMS1_FvS4_E) referenced from mbed/TARGET_NUCLEO_F767ZI/TOOLCHAIN_ARM_STD/mbed.ar(I2C.o)(i._ZN4mbed3I2CC1E7PinNameS1_)
 <LI><a href="#[a6]">__main</a> from C:\Keil_v5\ARM\ARMCC\Bin\..\lib\armlib\c_w.l(__main.o)(!!!main) referenced from mbed/TARGET_NUCLEO_F767ZI/TOOLCHAIN_ARM_STD/startup_stm32f767xx.o(.text)
 <LI><a href="#[a4]">__sti___8_main_cpp_Sht31</a> from .\build\main.o(i.__sti___8_main_cpp_Sht31) referenced from .\build\main.o(.init_array)
 <LI><a href="#[87]">_get_lc_ctype</a> from C:\Keil_v5\ARM\ARMCC\Bin\..\lib\armlib\c_w.l(lc_ctype_c.o)(locale$$code) referenced from C:\Keil_v5\ARM\ARMCC\Bin\..\lib\armlib\c_w.l(rt_ctype_table.o)(.text)
 <LI><a href="#[85]">_printf_input_char</a> from C:\Keil_v5\ARM\ARMCC\Bin\..\lib\armlib\c_w.l(_printf_char_common.o)(.text) referenced from C:\Keil_v5\ARM\ARMCC\Bin\..\lib\armlib\c_w.l(_printf_char_common.o)(.text)
 <LI><a href="#[84]">_snputc</a> from C:\Keil_v5\ARM\ARMCC\Bin\..\lib\armlib\c_w.l(_snputc.o)(.text) referenced from C:\Keil_v5\ARM\ARMCC\Bin\..\lib\armlib\c_w.l(vsnprintf.o)(.text)
 <LI><a href="#[86]">fputc</a> from C:\Keil_v5\ARM\ARMCC\Bin\..\lib\armlib\c_w.l(fputc.o)(i.fputc) referenced from C:\Keil_v5\ARM\ARMCC\Bin\..\lib\armlib\c_w.l(_printf_char_file.o)(.text)
 <LI><a href="#[89]">i2c1_irq</a> from mbed/TARGET_NUCLEO_F767ZI/TOOLCHAIN_ARM_STD/i2c_api.o(i.i2c1_irq) referenced from mbed/TARGET_NUCLEO_F767ZI/TOOLCHAIN_ARM_STD/i2c_api.o(i.HAL_I2C_ErrorCallback)
 <LI><a href="#[89]">i2c1_irq</a> from mbed/TARGET_NUCLEO_F767ZI/TOOLCHAIN_ARM_STD/i2c_api.o(i.i2c1_irq) referenced from mbed/TARGET_NUCLEO_F767ZI/TOOLCHAIN_ARM_STD/i2c_api.o(i.i2c_read)
 <LI><a href="#[89]">i2c1_irq</a> from mbed/TARGET_NUCLEO_F767ZI/TOOLCHAIN_ARM_STD/i2c_api.o(i.i2c1_irq) referenced from mbed/TARGET_NUCLEO_F767ZI/TOOLCHAIN_ARM_STD/i2c_api.o(i.i2c_write)
 <LI><a href="#[8a]">i2c2_irq</a> from mbed/TARGET_NUCLEO_F767ZI/TOOLCHAIN_ARM_STD/i2c_api.o(i.i2c2_irq) referenced from mbed/TARGET_NUCLEO_F767ZI/TOOLCHAIN_ARM_STD/i2c_api.o(i.HAL_I2C_ErrorCallback)
 <LI><a href="#[8a]">i2c2_irq</a> from mbed/TARGET_NUCLEO_F767ZI/TOOLCHAIN_ARM_STD/i2c_api.o(i.i2c2_irq) referenced from mbed/TARGET_NUCLEO_F767ZI/TOOLCHAIN_ARM_STD/i2c_api.o(i.i2c_read)
 <LI><a href="#[8a]">i2c2_irq</a> from mbed/TARGET_NUCLEO_F767ZI/TOOLCHAIN_ARM_STD/i2c_api.o(i.i2c2_irq) referenced from mbed/TARGET_NUCLEO_F767ZI/TOOLCHAIN_ARM_STD/i2c_api.o(i.i2c_write)
 <LI><a href="#[8b]">i2c3_irq</a> from mbed/TARGET_NUCLEO_F767ZI/TOOLCHAIN_ARM_STD/i2c_api.o(i.i2c3_irq) referenced from mbed/TARGET_NUCLEO_F767ZI/TOOLCHAIN_ARM_STD/i2c_api.o(i.HAL_I2C_ErrorCallback)
 <LI><a href="#[8b]">i2c3_irq</a> from mbed/TARGET_NUCLEO_F767ZI/TOOLCHAIN_ARM_STD/i2c_api.o(i.i2c3_irq) referenced from mbed/TARGET_NUCLEO_F767ZI/TOOLCHAIN_ARM_STD/i2c_api.o(i.i2c_read)
 <LI><a href="#[8b]">i2c3_irq</a> from mbed/TARGET_NUCLEO_F767ZI/TOOLCHAIN_ARM_STD/i2c_api.o(i.i2c3_irq) referenced from mbed/TARGET_NUCLEO_F767ZI/TOOLCHAIN_ARM_STD/i2c_api.o(i.i2c_write)
 <LI><a href="#[8c]">i2c4_irq</a> from mbed/TARGET_NUCLEO_F767ZI/TOOLCHAIN_ARM_STD/i2c_api.o(i.i2c4_irq) referenced from mbed/TARGET_NUCLEO_F767ZI/TOOLCHAIN_ARM_STD/i2c_api.o(i.HAL_I2C_ErrorCallback)
 <LI><a href="#[8c]">i2c4_irq</a> from mbed/TARGET_NUCLEO_F767ZI/TOOLCHAIN_ARM_STD/i2c_api.o(i.i2c4_irq) referenced from mbed/TARGET_NUCLEO_F767ZI/TOOLCHAIN_ARM_STD/i2c_api.o(i.i2c_read)
 <LI><a href="#[8c]">i2c4_irq</a> from mbed/TARGET_NUCLEO_F767ZI/TOOLCHAIN_ARM_STD/i2c_api.o(i.i2c4_irq) referenced from mbed/TARGET_NUCLEO_F767ZI/TOOLCHAIN_ARM_STD/i2c_api.o(i.i2c_write)
 <LI><a href="#[a5]">ticker_irq_handler</a> from mbed/TARGET_NUCLEO_F767ZI/TOOLCHAIN_ARM_STD/mbed.ar(mbed_ticker_api.o)(i.ticker_irq_handler) referenced from mbed/TARGET_NUCLEO_F767ZI/TOOLCHAIN_ARM_STD/mbed.ar(mbed_us_ticker_api.o)(.data)
 <LI><a href="#[8e]">timer_irq_handler</a> from mbed/TARGET_NUCLEO_F767ZI/TOOLCHAIN_ARM_STD/hal_tick_32b.o(i.timer_irq_handler) referenced from mbed/TARGET_NUCLEO_F767ZI/TOOLCHAIN_ARM_STD/hal_tick_32b.o(i.HAL_InitTick)
 <LI><a href="#[99]">us_ticker_clear_interrupt</a> from mbed/TARGET_NUCLEO_F767ZI/TOOLCHAIN_ARM_STD/us_ticker_32b.o(i.us_ticker_clear_interrupt) referenced from mbed/TARGET_NUCLEO_F767ZI/TOOLCHAIN_ARM_STD/mbed.ar(mbed_us_ticker_api.o)(.constdata)
 <LI><a href="#[98]">us_ticker_disable_interrupt</a> from mbed/TARGET_NUCLEO_F767ZI/TOOLCHAIN_ARM_STD/us_ticker_32b.o(i.us_ticker_disable_interrupt) referenced from mbed/TARGET_NUCLEO_F767ZI/TOOLCHAIN_ARM_STD/mbed.ar(mbed_us_ticker_api.o)(.constdata)
 <LI><a href="#[9b]">us_ticker_fire_interrupt</a> from mbed/TARGET_NUCLEO_F767ZI/TOOLCHAIN_ARM_STD/us_ticker_32b.o(i.us_ticker_fire_interrupt) referenced from mbed/TARGET_NUCLEO_F767ZI/TOOLCHAIN_ARM_STD/mbed.ar(mbed_us_ticker_api.o)(.constdata)
 <LI><a href="#[9c]">us_ticker_get_info</a> from mbed/TARGET_NUCLEO_F767ZI/TOOLCHAIN_ARM_STD/mbed_retarget.o(i.us_ticker_get_info) referenced from mbed/TARGET_NUCLEO_F767ZI/TOOLCHAIN_ARM_STD/mbed.ar(mbed_us_ticker_api.o)(.constdata)
 <LI><a href="#[96]">us_ticker_init</a> from mbed/TARGET_NUCLEO_F767ZI/TOOLCHAIN_ARM_STD/us_ticker_32b.o(i.us_ticker_init) referenced from mbed/TARGET_NUCLEO_F767ZI/TOOLCHAIN_ARM_STD/mbed.ar(mbed_us_ticker_api.o)(.constdata)
 <LI><a href="#[97]">us_ticker_read</a> from mbed/TARGET_NUCLEO_F767ZI/TOOLCHAIN_ARM_STD/us_ticker_32b.o(i.us_ticker_read) referenced from mbed/TARGET_NUCLEO_F767ZI/TOOLCHAIN_ARM_STD/mbed.ar(mbed_us_ticker_api.o)(.constdata)
 <LI><a href="#[9a]">us_ticker_set_interrupt</a> from mbed/TARGET_NUCLEO_F767ZI/TOOLCHAIN_ARM_STD/us_ticker_32b.o(i.us_ticker_set_interrupt) referenced from mbed/TARGET_NUCLEO_F767ZI/TOOLCHAIN_ARM_STD/mbed.ar(mbed_us_ticker_api.o)(.constdata)
</UL>
<P>
<H3>
Global Symbols
</H3>
<P><STRONG><a name="[a6]"></a>__main</STRONG> (Thumb, 8 bytes, Stack size 0 bytes, C:\Keil_v5\ARM\ARMCC\Bin\..\lib\armlib\c_w.l(__main.o)(!!!main))
<BR><BR>[Calls]<UL><LI><a href="#[a9]">&gt;&gt;</a>&nbsp;&nbsp;&nbsp;__rt_entry
<LI><a href="#[a8]">&gt;&gt;</a>&nbsp;&nbsp;&nbsp;__scatterload
</UL>

<P><STRONG><a name="[a8]"></a>__scatterload</STRONG> (Thumb, 0 bytes, Stack size unknown bytes, C:\Keil_v5\ARM\ARMCC\Bin\..\lib\armlib\c_w.l(__scatter.o)(!!!scatter))
<BR><BR>[Called By]<UL><LI><a href="#[a6]">&gt;&gt;</a>&nbsp;&nbsp;&nbsp;__main
</UL>

<P><STRONG><a name="[aa]"></a>__scatterload_rt2</STRONG> (Thumb, 44 bytes, Stack size unknown bytes, C:\Keil_v5\ARM\ARMCC\Bin\..\lib\armlib\c_w.l(__scatter.o)(!!!scatter), UNUSED)
<BR><BR>[Calls]<UL><LI><a href="#[a9]">&gt;&gt;</a>&nbsp;&nbsp;&nbsp;__rt_entry
</UL>

<P><STRONG><a name="[1b9]"></a>__scatterload_rt2_thumb_only</STRONG> (Thumb, 0 bytes, Stack size unknown bytes, C:\Keil_v5\ARM\ARMCC\Bin\..\lib\armlib\c_w.l(__scatter.o)(!!!scatter), UNUSED)

<P><STRONG><a name="[1ba]"></a>__scatterload_null</STRONG> (Thumb, 0 bytes, Stack size unknown bytes, C:\Keil_v5\ARM\ARMCC\Bin\..\lib\armlib\c_w.l(__scatter.o)(!!!scatter), UNUSED)

<P><STRONG><a name="[ab]"></a>__scatterload_copy</STRONG> (Thumb, 26 bytes, Stack size unknown bytes, C:\Keil_v5\ARM\ARMCC\Bin\..\lib\armlib\c_w.l(__scatter_copy.o)(!!handler_copy), UNUSED)
<BR><BR>[Calls]<UL><LI><a href="#[ab]">&gt;&gt;</a>&nbsp;&nbsp;&nbsp;__scatterload_copy
</UL>
<BR>[Called By]<UL><LI><a href="#[ab]">&gt;&gt;</a>&nbsp;&nbsp;&nbsp;__scatterload_copy
</UL>

<P><STRONG><a name="[1bb]"></a>__scatterload_zeroinit</STRONG> (Thumb, 28 bytes, Stack size unknown bytes, C:\Keil_v5\ARM\ARMCC\Bin\..\lib\armlib\c_w.l(__scatter_zi.o)(!!handler_zi), UNUSED)

<P><STRONG><a name="[ac]"></a>_printf_n</STRONG> (Thumb, 0 bytes, Stack size unknown bytes, C:\Keil_v5\ARM\ARMCC\Bin\..\lib\armlib\c_w.l(_printf_n.o)(.ARM.Collect$$_printf_percent$$00000001))
<BR><BR>[Calls]<UL><LI><a href="#[ad]">&gt;&gt;</a>&nbsp;&nbsp;&nbsp;_printf_charcount
</UL>

<P><STRONG><a name="[ef]"></a>_printf_percent</STRONG> (Thumb, 0 bytes, Stack size unknown bytes, C:\Keil_v5\ARM\ARMCC\Bin\..\lib\armlib\c_w.l(_printf_percent.o)(.ARM.Collect$$_printf_percent$$00000000))
<BR><BR>[Called By]<UL><LI><a href="#[ed]">&gt;&gt;</a>&nbsp;&nbsp;&nbsp;__printf
</UL>

<P><STRONG><a name="[ae]"></a>_printf_p</STRONG> (Thumb, 0 bytes, Stack size unknown bytes, C:\Keil_v5\ARM\ARMCC\Bin\..\lib\armlib\c_w.l(_printf_p.o)(.ARM.Collect$$_printf_percent$$00000002))
<BR><BR>[Stack]<UL><LI>Max Depth = 64 + Unknown Stack Size
<LI>Call Chain = _printf_p &rArr; _printf_hex_ptr &rArr; _printf_longlong_hex &rArr; _printf_int_common &rArr; _printf_post_padding
</UL>
<BR>[Calls]<UL><LI><a href="#[af]">&gt;&gt;</a>&nbsp;&nbsp;&nbsp;_printf_hex_ptr
</UL>

<P><STRONG><a name="[b0]"></a>_printf_f</STRONG> (Thumb, 0 bytes, Stack size unknown bytes, C:\Keil_v5\ARM\ARMCC\Bin\..\lib\armlib\c_w.l(_printf_f.o)(.ARM.Collect$$_printf_percent$$00000003))
<BR><BR>[Stack]<UL><LI>Max Depth = 320 + Unknown Stack Size
<LI>Call Chain = _printf_f &rArr; _printf_fp_dec &rArr; _printf_fp_dec_real &rArr; _fp_digits &rArr; _btod_etento &rArr; _btod_emul &rArr; _e2e
</UL>
<BR>[Calls]<UL><LI><a href="#[b1]">&gt;&gt;</a>&nbsp;&nbsp;&nbsp;_printf_fp_dec
</UL>

<P><STRONG><a name="[b2]"></a>_printf_e</STRONG> (Thumb, 0 bytes, Stack size unknown bytes, C:\Keil_v5\ARM\ARMCC\Bin\..\lib\armlib\c_w.l(_printf_e.o)(.ARM.Collect$$_printf_percent$$00000004))
<BR><BR>[Stack]<UL><LI>Max Depth = 320 + Unknown Stack Size
<LI>Call Chain = _printf_e &rArr; _printf_fp_dec &rArr; _printf_fp_dec_real &rArr; _fp_digits &rArr; _btod_etento &rArr; _btod_emul &rArr; _e2e
</UL>
<BR>[Calls]<UL><LI><a href="#[b1]">&gt;&gt;</a>&nbsp;&nbsp;&nbsp;_printf_fp_dec
</UL>

<P><STRONG><a name="[b3]"></a>_printf_g</STRONG> (Thumb, 0 bytes, Stack size unknown bytes, C:\Keil_v5\ARM\ARMCC\Bin\..\lib\armlib\c_w.l(_printf_g.o)(.ARM.Collect$$_printf_percent$$00000005))
<BR><BR>[Stack]<UL><LI>Max Depth = 320 + Unknown Stack Size
<LI>Call Chain = _printf_g &rArr; _printf_fp_dec &rArr; _printf_fp_dec_real &rArr; _fp_digits &rArr; _btod_etento &rArr; _btod_emul &rArr; _e2e
</UL>
<BR>[Calls]<UL><LI><a href="#[b1]">&gt;&gt;</a>&nbsp;&nbsp;&nbsp;_printf_fp_dec
</UL>

<P><STRONG><a name="[b4]"></a>_printf_a</STRONG> (Thumb, 0 bytes, Stack size unknown bytes, C:\Keil_v5\ARM\ARMCC\Bin\..\lib\armlib\c_w.l(_printf_a.o)(.ARM.Collect$$_printf_percent$$00000006))
<BR><BR>[Stack]<UL><LI>Max Depth = 112 + Unknown Stack Size
<LI>Call Chain = _printf_a &rArr; _printf_fp_hex &rArr; _printf_fp_hex_real &rArr; _printf_fp_infnan &rArr; _printf_post_padding
</UL>
<BR>[Calls]<UL><LI><a href="#[b5]">&gt;&gt;</a>&nbsp;&nbsp;&nbsp;_printf_fp_hex
</UL>

<P><STRONG><a name="[1bc]"></a>_printf_ll</STRONG> (Thumb, 0 bytes, Stack size unknown bytes, C:\Keil_v5\ARM\ARMCC\Bin\..\lib\armlib\c_w.l(_printf_ll.o)(.ARM.Collect$$_printf_percent$$00000007))

<P><STRONG><a name="[b6]"></a>_printf_i</STRONG> (Thumb, 0 bytes, Stack size unknown bytes, C:\Keil_v5\ARM\ARMCC\Bin\..\lib\armlib\c_w.l(_printf_i.o)(.ARM.Collect$$_printf_percent$$00000008))
<BR><BR>[Stack]<UL><LI>Max Depth = 72 + Unknown Stack Size
<LI>Call Chain = _printf_i &rArr; _printf_int_dec &rArr; _printf_int_common &rArr; _printf_post_padding
</UL>
<BR>[Calls]<UL><LI><a href="#[b7]">&gt;&gt;</a>&nbsp;&nbsp;&nbsp;_printf_int_dec
</UL>

<P><STRONG><a name="[b8]"></a>_printf_d</STRONG> (Thumb, 0 bytes, Stack size unknown bytes, C:\Keil_v5\ARM\ARMCC\Bin\..\lib\armlib\c_w.l(_printf_d.o)(.ARM.Collect$$_printf_percent$$00000009))
<BR><BR>[Stack]<UL><LI>Max Depth = 72 + Unknown Stack Size
<LI>Call Chain = _printf_d &rArr; _printf_int_dec &rArr; _printf_int_common &rArr; _printf_post_padding
</UL>
<BR>[Calls]<UL><LI><a href="#[b7]">&gt;&gt;</a>&nbsp;&nbsp;&nbsp;_printf_int_dec
</UL>

<P><STRONG><a name="[b9]"></a>_printf_u</STRONG> (Thumb, 0 bytes, Stack size unknown bytes, C:\Keil_v5\ARM\ARMCC\Bin\..\lib\armlib\c_w.l(_printf_u.o)(.ARM.Collect$$_printf_percent$$0000000A))
<BR><BR>[Stack]<UL><LI>Max Depth = 72 + Unknown Stack Size
<LI>Call Chain = _printf_u &rArr; _printf_int_dec &rArr; _printf_int_common &rArr; _printf_post_padding
</UL>
<BR>[Calls]<UL><LI><a href="#[b7]">&gt;&gt;</a>&nbsp;&nbsp;&nbsp;_printf_int_dec
</UL>

<P><STRONG><a name="[ba]"></a>_printf_o</STRONG> (Thumb, 0 bytes, Stack size unknown bytes, C:\Keil_v5\ARM\ARMCC\Bin\..\lib\armlib\c_w.l(_printf_o.o)(.ARM.Collect$$_printf_percent$$0000000B))
<BR><BR>[Stack]<UL><LI>Max Depth = 64 + Unknown Stack Size
<LI>Call Chain = _printf_o &rArr; _printf_int_oct &rArr; _printf_longlong_oct &rArr; _printf_int_common &rArr; _printf_post_padding
</UL>
<BR>[Calls]<UL><LI><a href="#[bb]">&gt;&gt;</a>&nbsp;&nbsp;&nbsp;_printf_int_oct
</UL>

<P><STRONG><a name="[bc]"></a>_printf_x</STRONG> (Thumb, 0 bytes, Stack size unknown bytes, C:\Keil_v5\ARM\ARMCC\Bin\..\lib\armlib\c_w.l(_printf_x.o)(.ARM.Collect$$_printf_percent$$0000000C))
<BR><BR>[Stack]<UL><LI>Max Depth = 80 + Unknown Stack Size
<LI>Call Chain = _printf_x &rArr; _printf_int_hex &rArr; _printf_longlong_hex &rArr; _printf_int_common &rArr; _printf_post_padding
</UL>
<BR>[Calls]<UL><LI><a href="#[bd]">&gt;&gt;</a>&nbsp;&nbsp;&nbsp;_printf_int_hex
</UL>

<P><STRONG><a name="[be]"></a>_printf_lli</STRONG> (Thumb, 0 bytes, Stack size unknown bytes, C:\Keil_v5\ARM\ARMCC\Bin\..\lib\armlib\c_w.l(_printf_lli.o)(.ARM.Collect$$_printf_percent$$0000000D))
<BR><BR>[Stack]<UL><LI>Max Depth = 72 + Unknown Stack Size
<LI>Call Chain = _printf_lli &rArr; _printf_longlong_dec &rArr; _printf_int_common &rArr; _printf_post_padding
</UL>
<BR>[Calls]<UL><LI><a href="#[bf]">&gt;&gt;</a>&nbsp;&nbsp;&nbsp;_printf_longlong_dec
</UL>

<P><STRONG><a name="[c0]"></a>_printf_lld</STRONG> (Thumb, 0 bytes, Stack size unknown bytes, C:\Keil_v5\ARM\ARMCC\Bin\..\lib\armlib\c_w.l(_printf_lld.o)(.ARM.Collect$$_printf_percent$$0000000E))
<BR><BR>[Stack]<UL><LI>Max Depth = 72 + Unknown Stack Size
<LI>Call Chain = _printf_lld &rArr; _printf_longlong_dec &rArr; _printf_int_common &rArr; _printf_post_padding
</UL>
<BR>[Calls]<UL><LI><a href="#[bf]">&gt;&gt;</a>&nbsp;&nbsp;&nbsp;_printf_longlong_dec
</UL>

<P><STRONG><a name="[c1]"></a>_printf_llu</STRONG> (Thumb, 0 bytes, Stack size unknown bytes, C:\Keil_v5\ARM\ARMCC\Bin\..\lib\armlib\c_w.l(_printf_llu.o)(.ARM.Collect$$_printf_percent$$0000000F))
<BR><BR>[Stack]<UL><LI>Max Depth = 72 + Unknown Stack Size
<LI>Call Chain = _printf_llu &rArr; _printf_longlong_dec &rArr; _printf_int_common &rArr; _printf_post_padding
</UL>
<BR>[Calls]<UL><LI><a href="#[bf]">&gt;&gt;</a>&nbsp;&nbsp;&nbsp;_printf_longlong_dec
</UL>

<P><STRONG><a name="[c2]"></a>_printf_llo</STRONG> (Thumb, 0 bytes, Stack size unknown bytes, C:\Keil_v5\ARM\ARMCC\Bin\..\lib\armlib\c_w.l(_printf_llo.o)(.ARM.Collect$$_printf_percent$$00000010))
<BR><BR>[Stack]<UL><LI>Max Depth = 56 + Unknown Stack Size
<LI>Call Chain = _printf_llo &rArr; _printf_ll_oct &rArr; _printf_longlong_oct &rArr; _printf_int_common &rArr; _printf_post_padding
</UL>
<BR>[Calls]<UL><LI><a href="#[c3]">&gt;&gt;</a>&nbsp;&nbsp;&nbsp;_printf_ll_oct
</UL>

<P><STRONG><a name="[c4]"></a>_printf_llx</STRONG> (Thumb, 0 bytes, Stack size unknown bytes, C:\Keil_v5\ARM\ARMCC\Bin\..\lib\armlib\c_w.l(_printf_llx.o)(.ARM.Collect$$_printf_percent$$00000011))
<BR><BR>[Stack]<UL><LI>Max Depth = 64 + Unknown Stack Size
<LI>Call Chain = _printf_llx &rArr; _printf_ll_hex &rArr; _printf_longlong_hex &rArr; _printf_int_common &rArr; _printf_post_padding
</UL>
<BR>[Calls]<UL><LI><a href="#[c5]">&gt;&gt;</a>&nbsp;&nbsp;&nbsp;_printf_ll_hex
</UL>

<P><STRONG><a name="[1bd]"></a>_printf_l</STRONG> (Thumb, 0 bytes, Stack size unknown bytes, C:\Keil_v5\ARM\ARMCC\Bin\..\lib\armlib\c_w.l(_printf_l.o)(.ARM.Collect$$_printf_percent$$00000012))

<P><STRONG><a name="[c6]"></a>_printf_c</STRONG> (Thumb, 0 bytes, Stack size unknown bytes, C:\Keil_v5\ARM\ARMCC\Bin\..\lib\armlib\c_w.l(_printf_c.o)(.ARM.Collect$$_printf_percent$$00000013))
<BR><BR>[Stack]<UL><LI>Max Depth = 40 + Unknown Stack Size
<LI>Call Chain = _printf_c &rArr; _printf_char &rArr; _printf_cs_common &rArr; _printf_str &rArr; _printf_post_padding
</UL>
<BR>[Calls]<UL><LI><a href="#[c7]">&gt;&gt;</a>&nbsp;&nbsp;&nbsp;_printf_char
</UL>

<P><STRONG><a name="[c8]"></a>_printf_s</STRONG> (Thumb, 0 bytes, Stack size unknown bytes, C:\Keil_v5\ARM\ARMCC\Bin\..\lib\armlib\c_w.l(_printf_s.o)(.ARM.Collect$$_printf_percent$$00000014))
<BR><BR>[Stack]<UL><LI>Max Depth = 40 + Unknown Stack Size
<LI>Call Chain = _printf_s &rArr; _printf_string &rArr; _printf_cs_common &rArr; _printf_str &rArr; _printf_post_padding
</UL>
<BR>[Calls]<UL><LI><a href="#[c9]">&gt;&gt;</a>&nbsp;&nbsp;&nbsp;_printf_string
</UL>

<P><STRONG><a name="[ca]"></a>_printf_lc</STRONG> (Thumb, 0 bytes, Stack size unknown bytes, C:\Keil_v5\ARM\ARMCC\Bin\..\lib\armlib\c_w.l(_printf_lc.o)(.ARM.Collect$$_printf_percent$$00000015))
<BR><BR>[Stack]<UL><LI>Max Depth = 88 + Unknown Stack Size
<LI>Call Chain = _printf_lc &rArr; _printf_wchar &rArr; _printf_lcs_common &rArr; _printf_wctomb &rArr; _wcrtomb &rArr; __rt_ctype_table
</UL>
<BR>[Calls]<UL><LI><a href="#[cb]">&gt;&gt;</a>&nbsp;&nbsp;&nbsp;_printf_wchar
</UL>

<P><STRONG><a name="[cc]"></a>_printf_ls</STRONG> (Thumb, 0 bytes, Stack size unknown bytes, C:\Keil_v5\ARM\ARMCC\Bin\..\lib\armlib\c_w.l(_printf_ls.o)(.ARM.Collect$$_printf_percent$$00000016))
<BR><BR>[Stack]<UL><LI>Max Depth = 88 + Unknown Stack Size
<LI>Call Chain = _printf_ls &rArr; _printf_wstring &rArr; _printf_lcs_common &rArr; _printf_wctomb &rArr; _wcrtomb &rArr; __rt_ctype_table
</UL>
<BR>[Calls]<UL><LI><a href="#[cd]">&gt;&gt;</a>&nbsp;&nbsp;&nbsp;_printf_wstring
</UL>

<P><STRONG><a name="[1be]"></a>_printf_percent_end</STRONG> (Thumb, 0 bytes, Stack size unknown bytes, C:\Keil_v5\ARM\ARMCC\Bin\..\lib\armlib\c_w.l(_printf_percent_end.o)(.ARM.Collect$$_printf_percent$$00000017))

<P><STRONG><a name="[df]"></a>__rt_lib_init</STRONG> (Thumb, 0 bytes, Stack size unknown bytes, C:\Keil_v5\ARM\ARMCC\Bin\..\lib\armlib\c_w.l(libinit.o)(.ARM.Collect$$libinit$$00000000))
<BR><BR>[Called By]<UL><LI><a href="#[de]">&gt;&gt;</a>&nbsp;&nbsp;&nbsp;__rt_entry_li
</UL>

<P><STRONG><a name="[ce]"></a>__rt_lib_init_fp_1</STRONG> (Thumb, 0 bytes, Stack size unknown bytes, C:\Keil_v5\ARM\ARMCC\Bin\..\lib\armlib\c_w.l(libinit2.o)(.ARM.Collect$$libinit$$00000001))
<BR><BR>[Calls]<UL><LI><a href="#[cf]">&gt;&gt;</a>&nbsp;&nbsp;&nbsp;_fp_init
</UL>

<P><STRONG><a name="[d0]"></a>__rt_lib_init_heap_2</STRONG> (Thumb, 0 bytes, Stack size unknown bytes, C:\Keil_v5\ARM\ARMCC\Bin\..\lib\armlib\c_w.l(libinit2.o)(.ARM.Collect$$libinit$$00000005))
<BR><BR>[Stack]<UL><LI>Max Depth = 64 + Unknown Stack Size
<LI>Call Chain = __rt_lib_init_heap_2 &rArr; _init_alloc &rArr; __rt_SIGRTMEM &rArr; __rt_SIGRTMEM_inner &rArr; __default_signal_display &rArr; _ttywrch
</UL>
<BR>[Calls]<UL><LI><a href="#[d1]">&gt;&gt;</a>&nbsp;&nbsp;&nbsp;_init_alloc
</UL>

<P><STRONG><a name="[1bf]"></a>__rt_lib_init_preinit_1</STRONG> (Thumb, 0 bytes, Stack size unknown bytes, C:\Keil_v5\ARM\ARMCC\Bin\..\lib\armlib\c_w.l(libinit2.o)(.ARM.Collect$$libinit$$00000004))

<P><STRONG><a name="[1c0]"></a>__rt_lib_init_heap_1</STRONG> (Thumb, 0 bytes, Stack size unknown bytes, C:\Keil_v5\ARM\ARMCC\Bin\..\lib\armlib\c_w.l(libinit2.o)(.ARM.Collect$$libinit$$0000000A))

<P><STRONG><a name="[d2]"></a>__rt_lib_init_lc_common</STRONG> (Thumb, 0 bytes, Stack size unknown bytes, C:\Keil_v5\ARM\ARMCC\Bin\..\lib\armlib\c_w.l(libinit2.o)(.ARM.Collect$$libinit$$0000000F))
<BR><BR>[Calls]<UL><LI><a href="#[d3]">&gt;&gt;</a>&nbsp;&nbsp;&nbsp;__rt_locale
</UL>

<P><STRONG><a name="[1c1]"></a>__rt_lib_init_rand_1</STRONG> (Thumb, 0 bytes, Stack size unknown bytes, C:\Keil_v5\ARM\ARMCC\Bin\..\lib\armlib\c_w.l(libinit2.o)(.ARM.Collect$$libinit$$0000000E))

<P><STRONG><a name="[1c2]"></a>__rt_lib_init_user_alloc_1</STRONG> (Thumb, 0 bytes, Stack size unknown bytes, C:\Keil_v5\ARM\ARMCC\Bin\..\lib\armlib\c_w.l(libinit2.o)(.ARM.Collect$$libinit$$0000000C))

<P><STRONG><a name="[1c3]"></a>__rt_lib_init_lc_collate_1</STRONG> (Thumb, 0 bytes, Stack size unknown bytes, C:\Keil_v5\ARM\ARMCC\Bin\..\lib\armlib\c_w.l(libinit2.o)(.ARM.Collect$$libinit$$00000011))

<P><STRONG><a name="[d4]"></a>__rt_lib_init_lc_ctype_2</STRONG> (Thumb, 0 bytes, Stack size unknown bytes, C:\Keil_v5\ARM\ARMCC\Bin\..\lib\armlib\c_w.l(libinit2.o)(.ARM.Collect$$libinit$$00000012))
<BR><BR>[Stack]<UL><LI>Max Depth = 8 + Unknown Stack Size
<LI>Call Chain = __rt_lib_init_lc_ctype_2 &rArr; _get_lc_ctype
</UL>
<BR>[Calls]<UL><LI><a href="#[87]">&gt;&gt;</a>&nbsp;&nbsp;&nbsp;_get_lc_ctype
</UL>

<P><STRONG><a name="[1c4]"></a>__rt_lib_init_lc_ctype_1</STRONG> (Thumb, 0 bytes, Stack size unknown bytes, C:\Keil_v5\ARM\ARMCC\Bin\..\lib\armlib\c_w.l(libinit2.o)(.ARM.Collect$$libinit$$00000013))

<P><STRONG><a name="[1c5]"></a>__rt_lib_init_lc_monetary_1</STRONG> (Thumb, 0 bytes, Stack size unknown bytes, C:\Keil_v5\ARM\ARMCC\Bin\..\lib\armlib\c_w.l(libinit2.o)(.ARM.Collect$$libinit$$00000015))

<P><STRONG><a name="[d5]"></a>__rt_lib_init_lc_numeric_2</STRONG> (Thumb, 0 bytes, Stack size unknown bytes, C:\Keil_v5\ARM\ARMCC\Bin\..\lib\armlib\c_w.l(libinit2.o)(.ARM.Collect$$libinit$$00000016))
<BR><BR>[Stack]<UL><LI>Max Depth = 8 + Unknown Stack Size
<LI>Call Chain = __rt_lib_init_lc_numeric_2 &rArr; _get_lc_numeric
</UL>
<BR>[Calls]<UL><LI><a href="#[d6]">&gt;&gt;</a>&nbsp;&nbsp;&nbsp;_get_lc_numeric
</UL>

<P><STRONG><a name="[1c6]"></a>__rt_lib_init_atexit_1</STRONG> (Thumb, 0 bytes, Stack size unknown bytes, C:\Keil_v5\ARM\ARMCC\Bin\..\lib\armlib\c_w.l(libinit2.o)(.ARM.Collect$$libinit$$0000001B))

<P><STRONG><a name="[1c7]"></a>__rt_lib_init_clock_1</STRONG> (Thumb, 0 bytes, Stack size unknown bytes, C:\Keil_v5\ARM\ARMCC\Bin\..\lib\armlib\c_w.l(libinit2.o)(.ARM.Collect$$libinit$$00000021))

<P><STRONG><a name="[1c8]"></a>__rt_lib_init_fp_trap_1</STRONG> (Thumb, 0 bytes, Stack size unknown bytes, C:\Keil_v5\ARM\ARMCC\Bin\..\lib\armlib\c_w.l(libinit2.o)(.ARM.Collect$$libinit$$0000001F))

<P><STRONG><a name="[1c9]"></a>__rt_lib_init_getenv_1</STRONG> (Thumb, 0 bytes, Stack size unknown bytes, C:\Keil_v5\ARM\ARMCC\Bin\..\lib\armlib\c_w.l(libinit2.o)(.ARM.Collect$$libinit$$00000023))

<P><STRONG><a name="[1ca]"></a>__rt_lib_init_lc_numeric_1</STRONG> (Thumb, 0 bytes, Stack size unknown bytes, C:\Keil_v5\ARM\ARMCC\Bin\..\lib\armlib\c_w.l(libinit2.o)(.ARM.Collect$$libinit$$00000017))

<P><STRONG><a name="[1cb]"></a>__rt_lib_init_lc_time_1</STRONG> (Thumb, 0 bytes, Stack size unknown bytes, C:\Keil_v5\ARM\ARMCC\Bin\..\lib\armlib\c_w.l(libinit2.o)(.ARM.Collect$$libinit$$00000019))

<P><STRONG><a name="[1cc]"></a>__rt_lib_init_signal_1</STRONG> (Thumb, 0 bytes, Stack size unknown bytes, C:\Keil_v5\ARM\ARMCC\Bin\..\lib\armlib\c_w.l(libinit2.o)(.ARM.Collect$$libinit$$0000001D))

<P><STRONG><a name="[d7]"></a>__rt_lib_init_stdio_2</STRONG> (Thumb, 0 bytes, Stack size unknown bytes, C:\Keil_v5\ARM\ARMCC\Bin\..\lib\armlib\c_w.l(libinit2.o)(.ARM.Collect$$libinit$$00000024))
<BR><BR>[Stack]<UL><LI>Max Depth = 576 + Unknown Stack Size
<LI>Call Chain = __rt_lib_init_stdio_2 &rArr; _initio &rArr; freopen &rArr; _sys_open &rArr; open &rArr; mbed::FilePath::FilePath(const char*) &rArr; mbed::FileBase::lookup(const char*, unsigned) &rArr; SingletonPtr&lang;PlatformMutex&rang;::operator -&rang;() &rArr; mbed_assert_internal &rArr; mbed_die &rArr; gpio_init_out &rArr; gpio_init &rArr; pin_function &rArr;  mbed_assert_internal (Cycle)
</UL>
<BR>[Calls]<UL><LI><a href="#[d8]">&gt;&gt;</a>&nbsp;&nbsp;&nbsp;_initio
</UL>

<P><STRONG><a name="[1cd]"></a>__rt_lib_init_alloca_1</STRONG> (Thumb, 0 bytes, Stack size unknown bytes, C:\Keil_v5\ARM\ARMCC\Bin\..\lib\armlib\c_w.l(libinit2.o)(.ARM.Collect$$libinit$$0000002E))

<P><STRONG><a name="[1ce]"></a>__rt_lib_init_argv_1</STRONG> (Thumb, 0 bytes, Stack size unknown bytes, C:\Keil_v5\ARM\ARMCC\Bin\..\lib\armlib\c_w.l(libinit2.o)(.ARM.Collect$$libinit$$0000002C))

<P><STRONG><a name="[d9]"></a>__rt_lib_init_cpp_2</STRONG> (Thumb, 0 bytes, Stack size unknown bytes, C:\Keil_v5\ARM\ARMCC\Bin\..\lib\armlib\c_w.l(libinit2.o)(.ARM.Collect$$libinit$$00000031))
<BR><BR>[Stack]<UL><LI>Max Depth = 16 + Unknown Stack Size
<LI>Call Chain = __rt_lib_init_cpp_2 &rArr; __cpp_initialize__aeabi_
</UL>
<BR>[Calls]<UL><LI><a href="#[a7]">&gt;&gt;</a>&nbsp;&nbsp;&nbsp;__cpp_initialize__aeabi_
</UL>

<P><STRONG><a name="[1cf]"></a>__rt_lib_init_exceptions_1</STRONG> (Thumb, 0 bytes, Stack size unknown bytes, C:\Keil_v5\ARM\ARMCC\Bin\..\lib\armlib\c_w.l(libinit2.o)(.ARM.Collect$$libinit$$00000030))

<P><STRONG><a name="[1d0]"></a>__rt_lib_init_stdio_1</STRONG> (Thumb, 0 bytes, Stack size unknown bytes, C:\Keil_v5\ARM\ARMCC\Bin\..\lib\armlib\c_w.l(libinit2.o)(.ARM.Collect$$libinit$$00000025))

<P><STRONG><a name="[1d1]"></a>__rt_lib_init_cpp_1</STRONG> (Thumb, 0 bytes, Stack size unknown bytes, C:\Keil_v5\ARM\ARMCC\Bin\..\lib\armlib\c_w.l(libinit2.o)(.ARM.Collect$$libinit$$00000032))

<P><STRONG><a name="[1d2]"></a>__rt_lib_init_return</STRONG> (Thumb, 0 bytes, Stack size unknown bytes, C:\Keil_v5\ARM\ARMCC\Bin\..\lib\armlib\c_w.l(libinit2.o)(.ARM.Collect$$libinit$$00000033))

<P><STRONG><a name="[a9]"></a>__rt_entry</STRONG> (Thumb, 0 bytes, Stack size unknown bytes, C:\Keil_v5\ARM\ARMCC\Bin\..\lib\armlib\c_w.l(__rtentry.o)(.ARM.Collect$$rtentry$$00000000))
<BR><BR>[Called By]<UL><LI><a href="#[a6]">&gt;&gt;</a>&nbsp;&nbsp;&nbsp;__main
<LI><a href="#[aa]">&gt;&gt;</a>&nbsp;&nbsp;&nbsp;__scatterload_rt2
</UL>

<P><STRONG><a name="[1d3]"></a>__rt_entry_presh_1</STRONG> (Thumb, 0 bytes, Stack size unknown bytes, C:\Keil_v5\ARM\ARMCC\Bin\..\lib\armlib\c_w.l(__rtentry2.o)(.ARM.Collect$$rtentry$$00000002))

<P><STRONG><a name="[da]"></a>__rt_entry_sh</STRONG> (Thumb, 0 bytes, Stack size unknown bytes, C:\Keil_v5\ARM\ARMCC\Bin\..\lib\armlib\c_w.l(__rtentry4.o)(.ARM.Collect$$rtentry$$00000004))
<BR><BR>[Stack]<UL><LI>Max Depth = 8 + Unknown Stack Size
<LI>Call Chain = __rt_entry_sh &rArr; __user_setup_stackheap
</UL>
<BR>[Calls]<UL><LI><a href="#[db]">&gt;&gt;</a>&nbsp;&nbsp;&nbsp;__user_setup_stackheap
</UL>

<P><STRONG><a name="[1d4]"></a>__rt_lib_shutdown_stdio_2</STRONG> (Thumb, 0 bytes, Stack size unknown bytes, C:\Keil_v5\ARM\ARMCC\Bin\..\lib\armlib\c_w.l(libshutdown2.o)(.ARM.Collect$$libshutdown$$00000004))

<P><STRONG><a name="[dc]"></a>__rt_entry_postsh_1</STRONG> (Thumb, 0 bytes, Stack size unknown bytes, C:\Keil_v5\ARM\ARMCC\Bin\..\lib\armlib\c_w.l(__rtentry2.o)(.ARM.Collect$$rtentry$$00000008))
<BR><BR>[Stack]<UL><LI>Max Depth = 592 + Unknown Stack Size
<LI>Call Chain = __rt_entry_postsh_1 &rArr; _platform_post_stackheap_init &rArr; mbed_sdk_init &rArr; SetSysClock &rArr; SetSysClock_PLL_HSE &rArr; HAL_RCC_ClockConfig &rArr; HAL_InitTick &rArr; HAL_TIM_OC_Init &rArr; TIM_Base_SetConfig
</UL>
<BR>[Calls]<UL><LI><a href="#[dd]">&gt;&gt;</a>&nbsp;&nbsp;&nbsp;_platform_post_stackheap_init
</UL>

<P><STRONG><a name="[de]"></a>__rt_entry_li</STRONG> (Thumb, 0 bytes, Stack size unknown bytes, C:\Keil_v5\ARM\ARMCC\Bin\..\lib\armlib\c_w.l(__rtentry2.o)(.ARM.Collect$$rtentry$$0000000A))
<BR><BR>[Calls]<UL><LI><a href="#[df]">&gt;&gt;</a>&nbsp;&nbsp;&nbsp;__rt_lib_init
</UL>

<P><STRONG><a name="[e0]"></a>__rt_entry_main</STRONG> (Thumb, 0 bytes, Stack size unknown bytes, C:\Keil_v5\ARM\ARMCC\Bin\..\lib\armlib\c_w.l(__rtentry2.o)(.ARM.Collect$$rtentry$$0000000D))
<BR><BR>[Stack]<UL><LI>Max Depth = 672 + Unknown Stack Size
<LI>Call Chain = __rt_entry_main &rArr; main &rArr; $Super$$main &rArr; grafcet() &rArr; action() &rArr; Sht31::readTemperature() &rArr; Sht31::readTempHum() &rArr; Sht31::writeCommand(unsigned short) &rArr; mbed::I2C::write(int, const char*, int, bool) &rArr; i2c_write &rArr; i2c_init &rArr; i2c_frequency &rArr; mbed_assert_internal &rArr; mbed_die &rArr; gpio_init_out &rArr; gpio_init &rArr; pin_function &rArr;  mbed_assert_internal (Cycle)
</UL>
<BR>[Calls]<UL><LI><a href="#[e2]">&gt;&gt;</a>&nbsp;&nbsp;&nbsp;exit
<LI><a href="#[e1]">&gt;&gt;</a>&nbsp;&nbsp;&nbsp;main
</UL>

<P><STRONG><a name="[1d5]"></a>__rt_entry_postli_1</STRONG> (Thumb, 0 bytes, Stack size unknown bytes, C:\Keil_v5\ARM\ARMCC\Bin\..\lib\armlib\c_w.l(__rtentry2.o)(.ARM.Collect$$rtentry$$0000000C))

<P><STRONG><a name="[c]"></a>Reset_Handler</STRONG> (Thumb, 8 bytes, Stack size 0 bytes, mbed/TARGET_NUCLEO_F767ZI/TOOLCHAIN_ARM_STD/startup_stm32f767xx.o(.text))
<BR>[Address Reference Count : 1]<UL><LI> startup_stm32f767xx.o(RESET)
</UL>
<P><STRONG><a name="[1d6]"></a>_maybe_terminate_alloc</STRONG> (Thumb, 0 bytes, Stack size 0 bytes, C:\Keil_v5\ARM\ARMCC\Bin\..\lib\armlib\c_w.l(maybetermalloc1.o)(.emb_text), UNUSED)

<P><STRONG><a name="[d]"></a>NMI_Handler</STRONG> (Thumb, 2 bytes, Stack size 0 bytes, mbed/TARGET_NUCLEO_F767ZI/TOOLCHAIN_ARM_STD/startup_stm32f767xx.o(.text))
<BR><BR>[Calls]<UL><LI><a href="#[d]">&gt;&gt;</a>&nbsp;&nbsp;&nbsp;NMI_Handler
</UL>
<BR>[Called By]<UL><LI><a href="#[d]">&gt;&gt;</a>&nbsp;&nbsp;&nbsp;NMI_Handler
</UL>
<BR>[Address Reference Count : 1]<UL><LI> startup_stm32f767xx.o(RESET)
</UL>
<P><STRONG><a name="[e]"></a>HardFault_Handler</STRONG> (Thumb, 2 bytes, Stack size 0 bytes, mbed/TARGET_NUCLEO_F767ZI/TOOLCHAIN_ARM_STD/startup_stm32f767xx.o(.text))
<BR><BR>[Calls]<UL><LI><a href="#[e]">&gt;&gt;</a>&nbsp;&nbsp;&nbsp;HardFault_Handler
</UL>
<BR>[Called By]<UL><LI><a href="#[e]">&gt;&gt;</a>&nbsp;&nbsp;&nbsp;HardFault_Handler
</UL>
<BR>[Address Reference Count : 1]<UL><LI> startup_stm32f767xx.o(RESET)
</UL>
<P><STRONG><a name="[f]"></a>MemManage_Handler</STRONG> (Thumb, 2 bytes, Stack size 0 bytes, mbed/TARGET_NUCLEO_F767ZI/TOOLCHAIN_ARM_STD/startup_stm32f767xx.o(.text))
<BR><BR>[Calls]<UL><LI><a href="#[f]">&gt;&gt;</a>&nbsp;&nbsp;&nbsp;MemManage_Handler
</UL>
<BR>[Called By]<UL><LI><a href="#[f]">&gt;&gt;</a>&nbsp;&nbsp;&nbsp;MemManage_Handler
</UL>
<BR>[Address Reference Count : 1]<UL><LI> startup_stm32f767xx.o(RESET)
</UL>
<P><STRONG><a name="[10]"></a>BusFault_Handler</STRONG> (Thumb, 2 bytes, Stack size 0 bytes, mbed/TARGET_NUCLEO_F767ZI/TOOLCHAIN_ARM_STD/startup_stm32f767xx.o(.text))
<BR><BR>[Calls]<UL><LI><a href="#[10]">&gt;&gt;</a>&nbsp;&nbsp;&nbsp;BusFault_Handler
</UL>
<BR>[Called By]<UL><LI><a href="#[10]">&gt;&gt;</a>&nbsp;&nbsp;&nbsp;BusFault_Handler
</UL>
<BR>[Address Reference Count : 1]<UL><LI> startup_stm32f767xx.o(RESET)
</UL>
<P><STRONG><a name="[11]"></a>UsageFault_Handler</STRONG> (Thumb, 2 bytes, Stack size 0 bytes, mbed/TARGET_NUCLEO_F767ZI/TOOLCHAIN_ARM_STD/startup_stm32f767xx.o(.text))
<BR><BR>[Calls]<UL><LI><a href="#[11]">&gt;&gt;</a>&nbsp;&nbsp;&nbsp;UsageFault_Handler
</UL>
<BR>[Called By]<UL><LI><a href="#[11]">&gt;&gt;</a>&nbsp;&nbsp;&nbsp;UsageFault_Handler
</UL>
<BR>[Address Reference Count : 1]<UL><LI> startup_stm32f767xx.o(RESET)
</UL>
<P><STRONG><a name="[12]"></a>SVC_Handler</STRONG> (Thumb, 2 bytes, Stack size 0 bytes, mbed/TARGET_NUCLEO_F767ZI/TOOLCHAIN_ARM_STD/startup_stm32f767xx.o(.text))
<BR><BR>[Calls]<UL><LI><a href="#[12]">&gt;&gt;</a>&nbsp;&nbsp;&nbsp;SVC_Handler
</UL>
<BR>[Called By]<UL><LI><a href="#[12]">&gt;&gt;</a>&nbsp;&nbsp;&nbsp;SVC_Handler
</UL>
<BR>[Address Reference Count : 1]<UL><LI> startup_stm32f767xx.o(RESET)
</UL>
<P><STRONG><a name="[13]"></a>DebugMon_Handler</STRONG> (Thumb, 2 bytes, Stack size 0 bytes, mbed/TARGET_NUCLEO_F767ZI/TOOLCHAIN_ARM_STD/startup_stm32f767xx.o(.text))
<BR><BR>[Calls]<UL><LI><a href="#[13]">&gt;&gt;</a>&nbsp;&nbsp;&nbsp;DebugMon_Handler
</UL>
<BR>[Called By]<UL><LI><a href="#[13]">&gt;&gt;</a>&nbsp;&nbsp;&nbsp;DebugMon_Handler
</UL>
<BR>[Address Reference Count : 1]<UL><LI> startup_stm32f767xx.o(RESET)
</UL>
<P><STRONG><a name="[14]"></a>PendSV_Handler</STRONG> (Thumb, 2 bytes, Stack size 0 bytes, mbed/TARGET_NUCLEO_F767ZI/TOOLCHAIN_ARM_STD/startup_stm32f767xx.o(.text))
<BR><BR>[Calls]<UL><LI><a href="#[14]">&gt;&gt;</a>&nbsp;&nbsp;&nbsp;PendSV_Handler
</UL>
<BR>[Called By]<UL><LI><a href="#[14]">&gt;&gt;</a>&nbsp;&nbsp;&nbsp;PendSV_Handler
</UL>
<BR>[Address Reference Count : 1]<UL><LI> startup_stm32f767xx.o(RESET)
</UL>
<P><STRONG><a name="[15]"></a>SysTick_Handler</STRONG> (Thumb, 2 bytes, Stack size 0 bytes, mbed/TARGET_NUCLEO_F767ZI/TOOLCHAIN_ARM_STD/startup_stm32f767xx.o(.text))
<BR><BR>[Calls]<UL><LI><a href="#[15]">&gt;&gt;</a>&nbsp;&nbsp;&nbsp;SysTick_Handler
</UL>
<BR>[Called By]<UL><LI><a href="#[15]">&gt;&gt;</a>&nbsp;&nbsp;&nbsp;SysTick_Handler
</UL>
<BR>[Address Reference Count : 1]<UL><LI> startup_stm32f767xx.o(RESET)
</UL>
<P><STRONG><a name="[28]"></a>ADC_IRQHandler</STRONG> (Thumb, 0 bytes, Stack size 0 bytes, mbed/TARGET_NUCLEO_F767ZI/TOOLCHAIN_ARM_STD/startup_stm32f767xx.o(.text))
<BR><BR>[Calls]<UL><LI><a href="#[28]">&gt;&gt;</a>&nbsp;&nbsp;&nbsp;ADC_IRQHandler
</UL>
<BR>[Called By]<UL><LI><a href="#[28]">&gt;&gt;</a>&nbsp;&nbsp;&nbsp;ADC_IRQHandler
</UL>
<BR>[Address Reference Count : 1]<UL><LI> startup_stm32f767xx.o(RESET)
</UL>
<P><STRONG><a name="[2b]"></a>CAN1_RX1_IRQHandler</STRONG> (Thumb, 0 bytes, Stack size 0 bytes, mbed/TARGET_NUCLEO_F767ZI/TOOLCHAIN_ARM_STD/startup_stm32f767xx.o(.text))
<BR>[Address Reference Count : 1]<UL><LI> startup_stm32f767xx.o(RESET)
</UL>
<P><STRONG><a name="[57]"></a>CAN2_RX1_IRQHandler</STRONG> (Thumb, 0 bytes, Stack size 0 bytes, mbed/TARGET_NUCLEO_F767ZI/TOOLCHAIN_ARM_STD/startup_stm32f767xx.o(.text))
<BR>[Address Reference Count : 1]<UL><LI> startup_stm32f767xx.o(RESET)
</UL>
<P><STRONG><a name="[7e]"></a>CAN3_RX1_IRQHandler</STRONG> (Thumb, 0 bytes, Stack size 0 bytes, mbed/TARGET_NUCLEO_F767ZI/TOOLCHAIN_ARM_STD/startup_stm32f767xx.o(.text))
<BR>[Address Reference Count : 1]<UL><LI> startup_stm32f767xx.o(RESET)
</UL>
<P><STRONG><a name="[73]"></a>CEC_IRQHandler</STRONG> (Thumb, 0 bytes, Stack size 0 bytes, mbed/TARGET_NUCLEO_F767ZI/TOOLCHAIN_ARM_STD/startup_stm32f767xx.o(.text))
<BR>[Address Reference Count : 1]<UL><LI> startup_stm32f767xx.o(RESET)
</UL>
<P><STRONG><a name="[64]"></a>DCMI_IRQHandler</STRONG> (Thumb, 0 bytes, Stack size 0 bytes, mbed/TARGET_NUCLEO_F767ZI/TOOLCHAIN_ARM_STD/startup_stm32f767xx.o(.text))
<BR>[Address Reference Count : 1]<UL><LI> startup_stm32f767xx.o(RESET)
</UL>
<P><STRONG><a name="[77]"></a>DFSDM1_FLT0_IRQHandler</STRONG> (Thumb, 0 bytes, Stack size 0 bytes, mbed/TARGET_NUCLEO_F767ZI/TOOLCHAIN_ARM_STD/startup_stm32f767xx.o(.text))
<BR>[Address Reference Count : 1]<UL><LI> startup_stm32f767xx.o(RESET)
</UL>
<P><STRONG><a name="[78]"></a>DFSDM1_FLT1_IRQHandler</STRONG> (Thumb, 0 bytes, Stack size 0 bytes, mbed/TARGET_NUCLEO_F767ZI/TOOLCHAIN_ARM_STD/startup_stm32f767xx.o(.text))
<BR>[Address Reference Count : 1]<UL><LI> startup_stm32f767xx.o(RESET)
</UL>
<P><STRONG><a name="[79]"></a>DFSDM1_FLT2_IRQHandler</STRONG> (Thumb, 0 bytes, Stack size 0 bytes, mbed/TARGET_NUCLEO_F767ZI/TOOLCHAIN_ARM_STD/startup_stm32f767xx.o(.text))
<BR>[Address Reference Count : 1]<UL><LI> startup_stm32f767xx.o(RESET)
</UL>
<P><STRONG><a name="[7a]"></a>DFSDM1_FLT3_IRQHandler</STRONG> (Thumb, 0 bytes, Stack size 0 bytes, mbed/TARGET_NUCLEO_F767ZI/TOOLCHAIN_ARM_STD/startup_stm32f767xx.o(.text))
<BR>[Address Reference Count : 1]<UL><LI> startup_stm32f767xx.o(RESET)
</UL>
<P><STRONG><a name="[21]"></a>DMA1_Stream0_IRQHandler</STRONG> (Thumb, 0 bytes, Stack size 0 bytes, mbed/TARGET_NUCLEO_F767ZI/TOOLCHAIN_ARM_STD/startup_stm32f767xx.o(.text))
<BR>[Address Reference Count : 1]<UL><LI> startup_stm32f767xx.o(RESET)
</UL>
<P><STRONG><a name="[22]"></a>DMA1_Stream1_IRQHandler</STRONG> (Thumb, 0 bytes, Stack size 0 bytes, mbed/TARGET_NUCLEO_F767ZI/TOOLCHAIN_ARM_STD/startup_stm32f767xx.o(.text))
<BR>[Address Reference Count : 1]<UL><LI> startup_stm32f767xx.o(RESET)
</UL>
<P><STRONG><a name="[23]"></a>DMA1_Stream2_IRQHandler</STRONG> (Thumb, 0 bytes, Stack size 0 bytes, mbed/TARGET_NUCLEO_F767ZI/TOOLCHAIN_ARM_STD/startup_stm32f767xx.o(.text))
<BR>[Address Reference Count : 1]<UL><LI> startup_stm32f767xx.o(RESET)
</UL>
<P><STRONG><a name="[24]"></a>DMA1_Stream3_IRQHandler</STRONG> (Thumb, 0 bytes, Stack size 0 bytes, mbed/TARGET_NUCLEO_F767ZI/TOOLCHAIN_ARM_STD/startup_stm32f767xx.o(.text))
<BR>[Address Reference Count : 1]<UL><LI> startup_stm32f767xx.o(RESET)
</UL>
<P><STRONG><a name="[25]"></a>DMA1_Stream4_IRQHandler</STRONG> (Thumb, 0 bytes, Stack size 0 bytes, mbed/TARGET_NUCLEO_F767ZI/TOOLCHAIN_ARM_STD/startup_stm32f767xx.o(.text))
<BR>[Address Reference Count : 1]<UL><LI> startup_stm32f767xx.o(RESET)
</UL>
<P><STRONG><a name="[26]"></a>DMA1_Stream5_IRQHandler</STRONG> (Thumb, 0 bytes, Stack size 0 bytes, mbed/TARGET_NUCLEO_F767ZI/TOOLCHAIN_ARM_STD/startup_stm32f767xx.o(.text))
<BR>[Address Reference Count : 1]<UL><LI> startup_stm32f767xx.o(RESET)
</UL>
<P><STRONG><a name="[27]"></a>DMA1_Stream6_IRQHandler</STRONG> (Thumb, 0 bytes, Stack size 0 bytes, mbed/TARGET_NUCLEO_F767ZI/TOOLCHAIN_ARM_STD/startup_stm32f767xx.o(.text))
<BR>[Address Reference Count : 1]<UL><LI> startup_stm32f767xx.o(RESET)
</UL>
<P><STRONG><a name="[45]"></a>DMA1_Stream7_IRQHandler</STRONG> (Thumb, 0 bytes, Stack size 0 bytes, mbed/TARGET_NUCLEO_F767ZI/TOOLCHAIN_ARM_STD/startup_stm32f767xx.o(.text))
<BR>[Address Reference Count : 1]<UL><LI> startup_stm32f767xx.o(RESET)
</UL>
<P><STRONG><a name="[6f]"></a>DMA2D_IRQHandler</STRONG> (Thumb, 0 bytes, Stack size 0 bytes, mbed/TARGET_NUCLEO_F767ZI/TOOLCHAIN_ARM_STD/startup_stm32f767xx.o(.text))
<BR>[Address Reference Count : 1]<UL><LI> startup_stm32f767xx.o(RESET)
</UL>
<P><STRONG><a name="[4e]"></a>DMA2_Stream0_IRQHandler</STRONG> (Thumb, 0 bytes, Stack size 0 bytes, mbed/TARGET_NUCLEO_F767ZI/TOOLCHAIN_ARM_STD/startup_stm32f767xx.o(.text))
<BR>[Address Reference Count : 1]<UL><LI> startup_stm32f767xx.o(RESET)
</UL>
<P><STRONG><a name="[4f]"></a>DMA2_Stream1_IRQHandler</STRONG> (Thumb, 0 bytes, Stack size 0 bytes, mbed/TARGET_NUCLEO_F767ZI/TOOLCHAIN_ARM_STD/startup_stm32f767xx.o(.text))
<BR>[Address Reference Count : 1]<UL><LI> startup_stm32f767xx.o(RESET)
</UL>
<P><STRONG><a name="[50]"></a>DMA2_Stream2_IRQHandler</STRONG> (Thumb, 0 bytes, Stack size 0 bytes, mbed/TARGET_NUCLEO_F767ZI/TOOLCHAIN_ARM_STD/startup_stm32f767xx.o(.text))
<BR>[Address Reference Count : 1]<UL><LI> startup_stm32f767xx.o(RESET)
</UL>
<P><STRONG><a name="[51]"></a>DMA2_Stream3_IRQHandler</STRONG> (Thumb, 0 bytes, Stack size 0 bytes, mbed/TARGET_NUCLEO_F767ZI/TOOLCHAIN_ARM_STD/startup_stm32f767xx.o(.text))
<BR>[Address Reference Count : 1]<UL><LI> startup_stm32f767xx.o(RESET)
</UL>
<P><STRONG><a name="[52]"></a>DMA2_Stream4_IRQHandler</STRONG> (Thumb, 0 bytes, Stack size 0 bytes, mbed/TARGET_NUCLEO_F767ZI/TOOLCHAIN_ARM_STD/startup_stm32f767xx.o(.text))
<BR>[Address Reference Count : 1]<UL><LI> startup_stm32f767xx.o(RESET)
</UL>
<P><STRONG><a name="[5a]"></a>DMA2_Stream5_IRQHandler</STRONG> (Thumb, 0 bytes, Stack size 0 bytes, mbed/TARGET_NUCLEO_F767ZI/TOOLCHAIN_ARM_STD/startup_stm32f767xx.o(.text))
<BR>[Address Reference Count : 1]<UL><LI> startup_stm32f767xx.o(RESET)
</UL>
<P><STRONG><a name="[5b]"></a>DMA2_Stream6_IRQHandler</STRONG> (Thumb, 0 bytes, Stack size 0 bytes, mbed/TARGET_NUCLEO_F767ZI/TOOLCHAIN_ARM_STD/startup_stm32f767xx.o(.text))
<BR>[Address Reference Count : 1]<UL><LI> startup_stm32f767xx.o(RESET)
</UL>
<P><STRONG><a name="[5c]"></a>DMA2_Stream7_IRQHandler</STRONG> (Thumb, 0 bytes, Stack size 0 bytes, mbed/TARGET_NUCLEO_F767ZI/TOOLCHAIN_ARM_STD/startup_stm32f767xx.o(.text))
<BR>[Address Reference Count : 1]<UL><LI> startup_stm32f767xx.o(RESET)
</UL>
<P><STRONG><a name="[53]"></a>ETH_IRQHandler</STRONG> (Thumb, 0 bytes, Stack size 0 bytes, mbed/TARGET_NUCLEO_F767ZI/TOOLCHAIN_ARM_STD/startup_stm32f767xx.o(.text))
<BR>[Address Reference Count : 1]<UL><LI> startup_stm32f767xx.o(RESET)
</UL>
<P><STRONG><a name="[54]"></a>ETH_WKUP_IRQHandler</STRONG> (Thumb, 0 bytes, Stack size 0 bytes, mbed/TARGET_NUCLEO_F767ZI/TOOLCHAIN_ARM_STD/startup_stm32f767xx.o(.text))
<BR>[Address Reference Count : 1]<UL><LI> startup_stm32f767xx.o(RESET)
</UL>
<P><STRONG><a name="[1c]"></a>EXTI0_IRQHandler</STRONG> (Thumb, 0 bytes, Stack size 0 bytes, mbed/TARGET_NUCLEO_F767ZI/TOOLCHAIN_ARM_STD/startup_stm32f767xx.o(.text))
<BR>[Address Reference Count : 1]<UL><LI> startup_stm32f767xx.o(RESET)
</UL>
<P><STRONG><a name="[3e]"></a>EXTI15_10_IRQHandler</STRONG> (Thumb, 0 bytes, Stack size 0 bytes, mbed/TARGET_NUCLEO_F767ZI/TOOLCHAIN_ARM_STD/startup_stm32f767xx.o(.text))
<BR>[Address Reference Count : 1]<UL><LI> startup_stm32f767xx.o(RESET)
</UL>
<P><STRONG><a name="[1d]"></a>EXTI1_IRQHandler</STRONG> (Thumb, 0 bytes, Stack size 0 bytes, mbed/TARGET_NUCLEO_F767ZI/TOOLCHAIN_ARM_STD/startup_stm32f767xx.o(.text))
<BR>[Address Reference Count : 1]<UL><LI> startup_stm32f767xx.o(RESET)
</UL>
<P><STRONG><a name="[1e]"></a>EXTI2_IRQHandler</STRONG> (Thumb, 0 bytes, Stack size 0 bytes, mbed/TARGET_NUCLEO_F767ZI/TOOLCHAIN_ARM_STD/startup_stm32f767xx.o(.text))
<BR>[Address Reference Count : 1]<UL><LI> startup_stm32f767xx.o(RESET)
</UL>
<P><STRONG><a name="[1f]"></a>EXTI3_IRQHandler</STRONG> (Thumb, 0 bytes, Stack size 0 bytes, mbed/TARGET_NUCLEO_F767ZI/TOOLCHAIN_ARM_STD/startup_stm32f767xx.o(.text))
<BR>[Address Reference Count : 1]<UL><LI> startup_stm32f767xx.o(RESET)
</UL>
<P><STRONG><a name="[20]"></a>EXTI4_IRQHandler</STRONG> (Thumb, 0 bytes, Stack size 0 bytes, mbed/TARGET_NUCLEO_F767ZI/TOOLCHAIN_ARM_STD/startup_stm32f767xx.o(.text))
<BR>[Address Reference Count : 1]<UL><LI> startup_stm32f767xx.o(RESET)
</UL>
<P><STRONG><a name="[2d]"></a>EXTI9_5_IRQHandler</STRONG> (Thumb, 0 bytes, Stack size 0 bytes, mbed/TARGET_NUCLEO_F767ZI/TOOLCHAIN_ARM_STD/startup_stm32f767xx.o(.text))
<BR>[Address Reference Count : 1]<UL><LI> startup_stm32f767xx.o(RESET)
</UL>
<P><STRONG><a name="[1a]"></a>FLASH_IRQHandler</STRONG> (Thumb, 0 bytes, Stack size 0 bytes, mbed/TARGET_NUCLEO_F767ZI/TOOLCHAIN_ARM_STD/startup_stm32f767xx.o(.text))
<BR>[Address Reference Count : 1]<UL><LI> startup_stm32f767xx.o(RESET)
</UL>
<P><STRONG><a name="[46]"></a>FMC_IRQHandler</STRONG> (Thumb, 0 bytes, Stack size 0 bytes, mbed/TARGET_NUCLEO_F767ZI/TOOLCHAIN_ARM_STD/startup_stm32f767xx.o(.text))
<BR>[Address Reference Count : 1]<UL><LI> startup_stm32f767xx.o(RESET)
</UL>
<P><STRONG><a name="[66]"></a>FPU_IRQHandler</STRONG> (Thumb, 0 bytes, Stack size 0 bytes, mbed/TARGET_NUCLEO_F767ZI/TOOLCHAIN_ARM_STD/startup_stm32f767xx.o(.text))
<BR>[Address Reference Count : 1]<UL><LI> startup_stm32f767xx.o(RESET)
</UL>
<P><STRONG><a name="[36]"></a>I2C1_ER_IRQHandler</STRONG> (Thumb, 0 bytes, Stack size 0 bytes, mbed/TARGET_NUCLEO_F767ZI/TOOLCHAIN_ARM_STD/startup_stm32f767xx.o(.text))
<BR>[Address Reference Count : 1]<UL><LI> startup_stm32f767xx.o(RESET)
</UL>
<P><STRONG><a name="[35]"></a>I2C1_EV_IRQHandler</STRONG> (Thumb, 0 bytes, Stack size 0 bytes, mbed/TARGET_NUCLEO_F767ZI/TOOLCHAIN_ARM_STD/startup_stm32f767xx.o(.text))
<BR>[Address Reference Count : 1]<UL><LI> startup_stm32f767xx.o(RESET)
</UL>
<P><STRONG><a name="[38]"></a>I2C2_ER_IRQHandler</STRONG> (Thumb, 0 bytes, Stack size 0 bytes, mbed/TARGET_NUCLEO_F767ZI/TOOLCHAIN_ARM_STD/startup_stm32f767xx.o(.text))
<BR>[Address Reference Count : 1]<UL><LI> startup_stm32f767xx.o(RESET)
</UL>
<P><STRONG><a name="[37]"></a>I2C2_EV_IRQHandler</STRONG> (Thumb, 0 bytes, Stack size 0 bytes, mbed/TARGET_NUCLEO_F767ZI/TOOLCHAIN_ARM_STD/startup_stm32f767xx.o(.text))
<BR>[Address Reference Count : 1]<UL><LI> startup_stm32f767xx.o(RESET)
</UL>
<P><STRONG><a name="[5f]"></a>I2C3_ER_IRQHandler</STRONG> (Thumb, 0 bytes, Stack size 0 bytes, mbed/TARGET_NUCLEO_F767ZI/TOOLCHAIN_ARM_STD/startup_stm32f767xx.o(.text))
<BR>[Address Reference Count : 1]<UL><LI> startup_stm32f767xx.o(RESET)
</UL>
<P><STRONG><a name="[5e]"></a>I2C3_EV_IRQHandler</STRONG> (Thumb, 0 bytes, Stack size 0 bytes, mbed/TARGET_NUCLEO_F767ZI/TOOLCHAIN_ARM_STD/startup_stm32f767xx.o(.text))
<BR>[Address Reference Count : 1]<UL><LI> startup_stm32f767xx.o(RESET)
</UL>
<P><STRONG><a name="[75]"></a>I2C4_ER_IRQHandler</STRONG> (Thumb, 0 bytes, Stack size 0 bytes, mbed/TARGET_NUCLEO_F767ZI/TOOLCHAIN_ARM_STD/startup_stm32f767xx.o(.text))
<BR>[Address Reference Count : 1]<UL><LI> startup_stm32f767xx.o(RESET)
</UL>
<P><STRONG><a name="[74]"></a>I2C4_EV_IRQHandler</STRONG> (Thumb, 0 bytes, Stack size 0 bytes, mbed/TARGET_NUCLEO_F767ZI/TOOLCHAIN_ARM_STD/startup_stm32f767xx.o(.text))
<BR>[Address Reference Count : 1]<UL><LI> startup_stm32f767xx.o(RESET)
</UL>
<P><STRONG><a name="[80]"></a>JPEG_IRQHandler</STRONG> (Thumb, 0 bytes, Stack size 0 bytes, mbed/TARGET_NUCLEO_F767ZI/TOOLCHAIN_ARM_STD/startup_stm32f767xx.o(.text))
<BR>[Address Reference Count : 1]<UL><LI> startup_stm32f767xx.o(RESET)
</UL>
<P><STRONG><a name="[72]"></a>LPTIM1_IRQHandler</STRONG> (Thumb, 0 bytes, Stack size 0 bytes, mbed/TARGET_NUCLEO_F767ZI/TOOLCHAIN_ARM_STD/startup_stm32f767xx.o(.text))
<BR>[Address Reference Count : 1]<UL><LI> startup_stm32f767xx.o(RESET)
</UL>
<P><STRONG><a name="[6e]"></a>LTDC_ER_IRQHandler</STRONG> (Thumb, 0 bytes, Stack size 0 bytes, mbed/TARGET_NUCLEO_F767ZI/TOOLCHAIN_ARM_STD/startup_stm32f767xx.o(.text))
<BR>[Address Reference Count : 1]<UL><LI> startup_stm32f767xx.o(RESET)
</UL>
<P><STRONG><a name="[6d]"></a>LTDC_IRQHandler</STRONG> (Thumb, 0 bytes, Stack size 0 bytes, mbed/TARGET_NUCLEO_F767ZI/TOOLCHAIN_ARM_STD/startup_stm32f767xx.o(.text))
<BR>[Address Reference Count : 1]<UL><LI> startup_stm32f767xx.o(RESET)
</UL>
<P><STRONG><a name="[81]"></a>MDIOS_IRQHandler</STRONG> (Thumb, 0 bytes, Stack size 0 bytes, mbed/TARGET_NUCLEO_F767ZI/TOOLCHAIN_ARM_STD/startup_stm32f767xx.o(.text))
<BR>[Address Reference Count : 1]<UL><LI> startup_stm32f767xx.o(RESET)
</UL>
<P><STRONG><a name="[59]"></a>OTG_FS_IRQHandler</STRONG> (Thumb, 0 bytes, Stack size 0 bytes, mbed/TARGET_NUCLEO_F767ZI/TOOLCHAIN_ARM_STD/startup_stm32f767xx.o(.text))
<BR>[Address Reference Count : 1]<UL><LI> startup_stm32f767xx.o(RESET)
</UL>
<P><STRONG><a name="[40]"></a>OTG_FS_WKUP_IRQHandler</STRONG> (Thumb, 0 bytes, Stack size 0 bytes, mbed/TARGET_NUCLEO_F767ZI/TOOLCHAIN_ARM_STD/startup_stm32f767xx.o(.text))
<BR>[Address Reference Count : 1]<UL><LI> startup_stm32f767xx.o(RESET)
</UL>
<P><STRONG><a name="[61]"></a>OTG_HS_EP1_IN_IRQHandler</STRONG> (Thumb, 0 bytes, Stack size 0 bytes, mbed/TARGET_NUCLEO_F767ZI/TOOLCHAIN_ARM_STD/startup_stm32f767xx.o(.text))
<BR>[Address Reference Count : 1]<UL><LI> startup_stm32f767xx.o(RESET)
</UL>
<P><STRONG><a name="[60]"></a>OTG_HS_EP1_OUT_IRQHandler</STRONG> (Thumb, 0 bytes, Stack size 0 bytes, mbed/TARGET_NUCLEO_F767ZI/TOOLCHAIN_ARM_STD/startup_stm32f767xx.o(.text))
<BR>[Address Reference Count : 1]<UL><LI> startup_stm32f767xx.o(RESET)
</UL>
<P><STRONG><a name="[63]"></a>OTG_HS_IRQHandler</STRONG> (Thumb, 0 bytes, Stack size 0 bytes, mbed/TARGET_NUCLEO_F767ZI/TOOLCHAIN_ARM_STD/startup_stm32f767xx.o(.text))
<BR>[Address Reference Count : 1]<UL><LI> startup_stm32f767xx.o(RESET)
</UL>
[...]
</UL>

<P><STRONG><a name="[b5]"></a>_printf_fp_hex</STRONG> (Thumb, 4 bytes, Stack size 0 bytes, C:\Keil_v5\ARM\ARMCC\Bin\..\lib\armlib\fz_wv.l(printf2.o)(x$fpl$printf2))
<BR><BR>[Stack]<UL><LI>Max Depth = 112<LI>Call Chain = _printf_fp_hex &rArr; _printf_fp_hex_real &rArr; _printf_fp_infnan &rArr; _printf_post_padding
</UL>
<BR>[Calls]<UL><LI><a href="#[11f]">&gt;&gt;</a>&nbsp;&nbsp;&nbsp;_printf_fp_hex_real
</UL>
<BR>[Called By]<UL><LI><a href="#[b4]">&gt;&gt;</a>&nbsp;&nbsp;&nbsp;_printf_a
</UL>
<P>
<H3>
Local Symbols
</H3>
<P><STRONG><a name="[132]"></a>can_irq</STRONG> (Thumb, 282 bytes, Stack size 88 bytes, mbed/TARGET_NUCLEO_F767ZI/TOOLCHAIN_ARM_STD/can_api.o(i.can_irq))
<BR><BR>[Stack]<UL><LI>Max Depth = 88<LI>Call Chain = can_irq
</UL>
<BR>[Called By]<UL><LI><a href="#[7c]">&gt;&gt;</a>&nbsp;&nbsp;&nbsp;CAN3_TX_IRQHandler
<LI><a href="#[7f]">&gt;&gt;</a>&nbsp;&nbsp;&nbsp;CAN3_SCE_IRQHandler
<LI><a href="#[7d]">&gt;&gt;</a>&nbsp;&nbsp;&nbsp;CAN3_RX0_IRQHandler
<LI><a href="#[55]">&gt;&gt;</a>&nbsp;&nbsp;&nbsp;CAN2_TX_IRQHandler
<LI><a href="#[58]">&gt;&gt;</a>&nbsp;&nbsp;&nbsp;CAN2_SCE_IRQHandler
<LI><a href="#[56]">&gt;&gt;</a>&nbsp;&nbsp;&nbsp;CAN2_RX0_IRQHandler
<LI><a href="#[29]">&gt;&gt;</a>&nbsp;&nbsp;&nbsp;CAN1_TX_IRQHandler
<LI><a href="#[2c]">&gt;&gt;</a>&nbsp;&nbsp;&nbsp;CAN1_SCE_IRQHandler
<LI><a href="#[2a]">&gt;&gt;</a>&nbsp;&nbsp;&nbsp;CAN1_RX0_IRQHandler
</UL>

<P><STRONG><a name="[89]"></a>i2c1_irq</STRONG> (Thumb, 22 bytes, Stack size 8 bytes, mbed/TARGET_NUCLEO_F767ZI/TOOLCHAIN_ARM_STD/i2c_api.o(i.i2c1_irq))
<BR><BR>[Stack]<UL><LI>Max Depth = 552 + Unknown Stack Size
<LI>Call Chain = i2c1_irq &rArr; HAL_I2C_ER_IRQHandler &rArr; I2C_ITError &rArr; HAL_I2C_ErrorCallback &rArr; i2c_init &rArr; i2c_frequency &rArr; mbed_assert_internal &rArr; mbed_die &rArr; gpio_init_out &rArr; gpio_init &rArr; pin_function &rArr;  mbed_assert_internal (Cycle)
</UL>
<BR>[Calls]<UL><LI><a href="#[1a4]">&gt;&gt;</a>&nbsp;&nbsp;&nbsp;HAL_I2C_EV_IRQHandler
<LI><a href="#[135]">&gt;&gt;</a>&nbsp;&nbsp;&nbsp;HAL_I2C_ER_IRQHandler
</UL>
<BR>[Address Reference Count : 3]<UL><LI> i2c_api.o(i.HAL_I2C_ErrorCallback)
<LI> i2c_api.o(i.i2c_read)
<LI> i2c_api.o(i.i2c_write)
</UL>
<P><STRONG><a name="[8a]"></a>i2c2_irq</STRONG> (Thumb, 22 bytes, Stack size 8 bytes, mbed/TARGET_NUCLEO_F767ZI/TOOLCHAIN_ARM_STD/i2c_api.o(i.i2c2_irq))
<BR><BR>[Stack]<UL><LI>Max Depth = 552 + Unknown Stack Size
<LI>Call Chain = i2c2_irq &rArr; HAL_I2C_ER_IRQHandler &rArr; I2C_ITError &rArr; HAL_I2C_ErrorCallback &rArr; i2c_init &rArr; i2c_frequency &rArr; mbed_assert_internal &rArr; mbed_die &rArr; gpio_init_out &rArr; gpio_init &rArr; pin_function &rArr;  mbed_assert_internal (Cycle)
</UL>
<BR>[Calls]<UL><LI><a href="#[1a4]">&gt;&gt;</a>&nbsp;&nbsp;&nbsp;HAL_I2C_EV_IRQHandler
<LI><a href="#[135]">&gt;&gt;</a>&nbsp;&nbsp;&nbsp;HAL_I2C_ER_IRQHandler
</UL>
<BR>[Address Reference Count : 3]<UL><LI> i2c_api.o(i.HAL_I2C_ErrorCallback)
<LI> i2c_api.o(i.i2c_read)
<LI> i2c_api.o(i.i2c_write)
</UL>
<P><STRONG><a name="[8b]"></a>i2c3_irq</STRONG> (Thumb, 22 bytes, Stack size 8 bytes, mbed/TARGET_NUCLEO_F767ZI/TOOLCHAIN_ARM_STD/i2c_api.o(i.i2c3_irq))
<BR><BR>[Stack]<UL><LI>Max Depth = 552 + Unknown Stack Size
<LI>Call Chain = i2c3_irq &rArr; HAL_I2C_ER_IRQHandler &rArr; I2C_ITError &rArr; HAL_I2C_ErrorCallback &rArr; i2c_init &rArr; i2c_frequency &rArr; mbed_assert_internal &rArr; mbed_die &rArr; gpio_init_out &rArr; gpio_init &rArr; pin_function &rArr;  mbed_assert_internal (Cycle)
</UL>
<BR>[Calls]<UL><LI><a href="#[1a4]">&gt;&gt;</a>&nbsp;&nbsp;&nbsp;HAL_I2C_EV_IRQHandler
<LI><a href="#[135]">&gt;&gt;</a>&nbsp;&nbsp;&nbsp;HAL_I2C_ER_IRQHandler
</UL>
<BR>[Address Reference Count : 3]<UL><LI> i2c_api.o(i.HAL_I2C_ErrorCallback)
<LI> i2c_api.o(i.i2c_read)
<LI> i2c_api.o(i.i2c_write)
</UL>
<P><STRONG><a name="[8c]"></a>i2c4_irq</STRONG> (Thumb, 22 bytes, Stack size 8 bytes, mbed/TARGET_NUCLEO_F767ZI/TOOLCHAIN_ARM_STD/i2c_api.o(i.i2c4_irq))
<BR><BR>[Stack]<UL><LI>Max Depth = 552 + Unknown Stack Size
<LI>Call Chain = i2c4_irq &rArr; HAL_I2C_ER_IRQHandler &rArr; I2C_ITError &rArr; HAL_I2C_ErrorCallback &rArr; i2c_init &rArr; i2c_frequency &rArr; mbed_assert_internal &rArr; mbed_die &rArr; gpio_init_out &rArr; gpio_init &rArr; pin_function &rArr;  mbed_assert_internal (Cycle)
</UL>
<BR>[Calls]<UL><LI><a href="#[1a4]">&gt;&gt;</a>&nbsp;&nbsp;&nbsp;HAL_I2C_EV_IRQHandler
<LI><a href="#[135]">&gt;&gt;</a>&nbsp;&nbsp;&nbsp;HAL_I2C_ER_IRQHandler
</UL>
<BR>[Address Reference Count : 3]<UL><LI> i2c_api.o(i.HAL_I2C_ErrorCallback)
<LI> i2c_api.o(i.i2c_read)
<LI> i2c_api.o(i.i2c_write)
</UL>
<P><STRONG><a name="[168]"></a>reserve_filehandle()</STRONG> (Thumb, 154 bytes, Stack size 16 bytes, mbed/TARGET_NUCLEO_F767ZI/TOOLCHAIN_ARM_STD/mbed_retarget.o(i._Z18reserve_filehandlev))
<BR><BR>[Stack]<UL><LI>Max Depth = 456 + Unknown Stack Size
<LI>Call Chain = reserve_filehandle() &rArr; mbed_assert_internal &rArr; mbed_die &rArr; gpio_init_out &rArr; gpio_init &rArr; pin_function &rArr;  mbed_assert_internal (Cycle)
</UL>
<BR>[Calls]<UL><LI><a href="#[169]">&gt;&gt;</a>&nbsp;&nbsp;&nbsp;mbed_assert_internal
<LI><a href="#[122]">&gt;&gt;</a>&nbsp;&nbsp;&nbsp;__aeabi_errno_addr
</UL>
<BR>[Called By]<UL><LI><a href="#[194]">&gt;&gt;</a>&nbsp;&nbsp;&nbsp;open
</UL>

<P><STRONG><a name="[16d]"></a>get_fhc(int)</STRONG> (Thumb, 138 bytes, Stack size 24 bytes, mbed/TARGET_NUCLEO_F767ZI/TOOLCHAIN_ARM_STD/mbed_retarget.o(i._Z7get_fhci))
<BR><BR>[Stack]<UL><LI>Max Depth = 176 + Unknown Stack Size
<LI>Call Chain = get_fhc(int) &rArr; serial_baud &rArr; debug &rArr; vfprintf &rArr; _printf_char_file &rArr; _printf_char_common &rArr; __printf
</UL>
<BR>[Calls]<UL><LI><a href="#[16f]">&gt;&gt;</a>&nbsp;&nbsp;&nbsp;mbed::mbed_target_override_console(int)
<LI><a href="#[16e]">&gt;&gt;</a>&nbsp;&nbsp;&nbsp;mbed::mbed_override_console(int)
<LI><a href="#[172]">&gt;&gt;</a>&nbsp;&nbsp;&nbsp;serial_baud
<LI><a href="#[174]">&gt;&gt;</a>&nbsp;&nbsp;&nbsp;__cxa_guard_release
<LI><a href="#[170]">&gt;&gt;</a>&nbsp;&nbsp;&nbsp;__cxa_guard_acquire
<LI><a href="#[173]">&gt;&gt;</a>&nbsp;&nbsp;&nbsp;__aeabi_atexit
<LI><a href="#[171]">&gt;&gt;</a>&nbsp;&nbsp;&nbsp;serial_init
</UL>
<BR>[Called By]<UL><LI><a href="#[119]">&gt;&gt;</a>&nbsp;&nbsp;&nbsp;_sys_write
<LI><a href="#[118]">&gt;&gt;</a>&nbsp;&nbsp;&nbsp;_sys_seek
<LI><a href="#[f6]">&gt;&gt;</a>&nbsp;&nbsp;&nbsp;_sys_open
<LI><a href="#[113]">&gt;&gt;</a>&nbsp;&nbsp;&nbsp;_sys_istty
<LI><a href="#[115]">&gt;&gt;</a>&nbsp;&nbsp;&nbsp;_sys_flen
<LI><a href="#[11e]">&gt;&gt;</a>&nbsp;&nbsp;&nbsp;_sys_close
</UL>

<P><STRONG><a name="[19a]"></a>debug</STRONG> (Thumb, 22 bytes, Stack size 24 bytes, mbed/TARGET_NUCLEO_F767ZI/TOOLCHAIN_ARM_STD/serial_api.o(i.debug))
<BR><BR>[Stack]<UL><LI>Max Depth = 144 + Unknown Stack Size
<LI>Call Chain = debug &rArr; vfprintf &rArr; _printf_char_file &rArr; _printf_char_common &rArr; __printf
</UL>
<BR>[Calls]<UL><LI><a href="#[e7]">&gt;&gt;</a>&nbsp;&nbsp;&nbsp;vfprintf
</UL>
<BR>[Called By]<UL><LI><a href="#[172]">&gt;&gt;</a>&nbsp;&nbsp;&nbsp;serial_baud
</UL>

<P><STRONG><a name="[91]"></a>I2C_DMAAbort</STRONG> (Thumb, 50 bytes, Stack size 8 bytes, mbed/TARGET_NUCLEO_F767ZI/TOOLCHAIN_ARM_STD/stm32f7xx_hal_i2c.o(i.I2C_DMAAbort))
<BR><BR>[Stack]<UL><LI>Max Depth = 528 + Unknown Stack Size
<LI>Call Chain = I2C_DMAAbort &rArr; HAL_I2C_ErrorCallback &rArr; i2c_init &rArr; i2c_frequency &rArr; mbed_assert_internal &rArr; mbed_die &rArr; gpio_init_out &rArr; gpio_init &rArr; pin_function &rArr;  mbed_assert_internal (Cycle)
</UL>
<BR>[Calls]<UL><LI><a href="#[139]">&gt;&gt;</a>&nbsp;&nbsp;&nbsp;HAL_I2C_ErrorCallback
<LI><a href="#[133]">&gt;&gt;</a>&nbsp;&nbsp;&nbsp;HAL_I2C_AbortCpltCallback
</UL>
<BR>[Address Reference Count : 1]<UL><LI> stm32f7xx_hal_i2c.o(i.I2C_ITError)
</UL>
<P><STRONG><a name="[158]"></a>I2C_Disable_IRQ</STRONG> (Thumb, 100 bytes, Stack size 0 bytes, mbed/TARGET_NUCLEO_F767ZI/TOOLCHAIN_ARM_STD/stm32f7xx_hal_i2c.o(i.I2C_Disable_IRQ))
<BR><BR>[Called By]<UL><LI><a href="#[88]">&gt;&gt;</a>&nbsp;&nbsp;&nbsp;I2C_Slave_ISR_IT
<LI><a href="#[8d]">&gt;&gt;</a>&nbsp;&nbsp;&nbsp;I2C_Master_ISR_IT
<LI><a href="#[15e]">&gt;&gt;</a>&nbsp;&nbsp;&nbsp;I2C_ITSlaveCplt
<LI><a href="#[15a]">&gt;&gt;</a>&nbsp;&nbsp;&nbsp;I2C_ITMasterCplt
<LI><a href="#[136]">&gt;&gt;</a>&nbsp;&nbsp;&nbsp;I2C_ITError
</UL>

<P><STRONG><a name="[138]"></a>I2C_Enable_IRQ</STRONG> (Thumb, 114 bytes, Stack size 4 bytes, mbed/TARGET_NUCLEO_F767ZI/TOOLCHAIN_ARM_STD/stm32f7xx_hal_i2c.o(i.I2C_Enable_IRQ))
<BR><BR>[Stack]<UL><LI>Max Depth = 4<LI>Call Chain = I2C_Enable_IRQ
</UL>
<BR>[Called By]<UL><LI><a href="#[141]">&gt;&gt;</a>&nbsp;&nbsp;&nbsp;HAL_I2C_Master_Sequential_Transmit_IT
<LI><a href="#[140]">&gt;&gt;</a>&nbsp;&nbsp;&nbsp;HAL_I2C_Master_Sequential_Receive_IT
<LI><a href="#[137]">&gt;&gt;</a>&nbsp;&nbsp;&nbsp;HAL_I2C_EnableListen_IT
<LI><a href="#[8f]">&gt;&gt;</a>&nbsp;&nbsp;&nbsp;I2C_Master_ISR_DMA
</UL>

<P><STRONG><a name="[136]"></a>I2C_ITError</STRONG> (Thumb, 222 bytes, Stack size 16 bytes, mbed/TARGET_NUCLEO_F767ZI/TOOLCHAIN_ARM_STD/stm32f7xx_hal_i2c.o(i.I2C_ITError))
<BR><BR>[Stack]<UL><LI>Max Depth = 536 + Unknown Stack Size
<LI>Call Chain = I2C_ITError &rArr; HAL_I2C_ErrorCallback &rArr; i2c_init &rArr; i2c_frequency &rArr; mbed_assert_internal &rArr; mbed_die &rArr; gpio_init_out &rArr; gpio_init &rArr; pin_function &rArr;  mbed_assert_internal (Cycle)
</UL>
<BR>[Calls]<UL><LI><a href="#[139]">&gt;&gt;</a>&nbsp;&nbsp;&nbsp;HAL_I2C_ErrorCallback
<LI><a href="#[133]">&gt;&gt;</a>&nbsp;&nbsp;&nbsp;HAL_I2C_AbortCpltCallback
<LI><a href="#[159]">&gt;&gt;</a>&nbsp;&nbsp;&nbsp;HAL_DMA_Abort_IT
<LI><a href="#[158]">&gt;&gt;</a>&nbsp;&nbsp;&nbsp;I2C_Disable_IRQ
</UL>
<BR>[Called By]<UL><LI><a href="#[135]">&gt;&gt;</a>&nbsp;&nbsp;&nbsp;HAL_I2C_ER_IRQHandler
<LI><a href="#[8d]">&gt;&gt;</a>&nbsp;&nbsp;&nbsp;I2C_Master_ISR_IT
<LI><a href="#[8f]">&gt;&gt;</a>&nbsp;&nbsp;&nbsp;I2C_Master_ISR_DMA
<LI><a href="#[15e]">&gt;&gt;</a>&nbsp;&nbsp;&nbsp;I2C_ITSlaveCplt
<LI><a href="#[15a]">&gt;&gt;</a>&nbsp;&nbsp;&nbsp;I2C_ITMasterCplt
</UL>

<P><STRONG><a name="[15a]"></a>I2C_ITMasterCplt</STRONG> (Thumb, 200 bytes, Stack size 16 bytes, mbed/TARGET_NUCLEO_F767ZI/TOOLCHAIN_ARM_STD/stm32f7xx_hal_i2c.o(i.I2C_ITMasterCplt))
<BR><BR>[Stack]<UL><LI>Max Depth = 552 + Unknown Stack Size
<LI>Call Chain = I2C_ITMasterCplt &rArr; I2C_ITError &rArr; HAL_I2C_ErrorCallback &rArr; i2c_init &rArr; i2c_frequency &rArr; mbed_assert_internal &rArr; mbed_die &rArr; gpio_init_out &rArr; gpio_init &rArr; pin_function &rArr;  mbed_assert_internal (Cycle)
</UL>
<BR>[Calls]<UL><LI><a href="#[13f]">&gt;&gt;</a>&nbsp;&nbsp;&nbsp;HAL_I2C_MasterTxCpltCallback
<LI><a href="#[15b]">&gt;&gt;</a>&nbsp;&nbsp;&nbsp;HAL_I2C_MasterRxCpltCallback
<LI><a href="#[15c]">&gt;&gt;</a>&nbsp;&nbsp;&nbsp;HAL_I2C_MemTxCpltCallback
<LI><a href="#[15d]">&gt;&gt;</a>&nbsp;&nbsp;&nbsp;HAL_I2C_MemRxCpltCallback
<LI><a href="#[136]">&gt;&gt;</a>&nbsp;&nbsp;&nbsp;I2C_ITError
<LI><a href="#[158]">&gt;&gt;</a>&nbsp;&nbsp;&nbsp;I2C_Disable_IRQ
</UL>
<BR>[Called By]<UL><LI><a href="#[8d]">&gt;&gt;</a>&nbsp;&nbsp;&nbsp;I2C_Master_ISR_IT
<LI><a href="#[8f]">&gt;&gt;</a>&nbsp;&nbsp;&nbsp;I2C_Master_ISR_DMA
</UL>

<P><STRONG><a name="[15e]"></a>I2C_ITSlaveCplt</STRONG> (Thumb, 352 bytes, Stack size 24 bytes, mbed/TARGET_NUCLEO_F767ZI/TOOLCHAIN_ARM_STD/stm32f7xx_hal_i2c.o(i.I2C_ITSlaveCplt))
<BR><BR>[Stack]<UL><LI>Max Depth = 560 + Unknown Stack Size
<LI>Call Chain = I2C_ITSlaveCplt &rArr; I2C_ITError &rArr; HAL_I2C_ErrorCallback &rArr; i2c_init &rArr; i2c_frequency &rArr; mbed_assert_internal &rArr; mbed_die &rArr; gpio_init_out &rArr; gpio_init &rArr; pin_function &rArr;  mbed_assert_internal (Cycle)
</UL>
<BR>[Calls]<UL><LI><a href="#[15f]">&gt;&gt;</a>&nbsp;&nbsp;&nbsp;HAL_I2C_SlaveTxCpltCallback
<LI><a href="#[160]">&gt;&gt;</a>&nbsp;&nbsp;&nbsp;HAL_I2C_SlaveRxCpltCallback
<LI><a href="#[13e]">&gt;&gt;</a>&nbsp;&nbsp;&nbsp;HAL_I2C_ListenCpltCallback
<LI><a href="#[136]">&gt;&gt;</a>&nbsp;&nbsp;&nbsp;I2C_ITError
<LI><a href="#[158]">&gt;&gt;</a>&nbsp;&nbsp;&nbsp;I2C_Disable_IRQ
</UL>
<BR>[Called By]<UL><LI><a href="#[88]">&gt;&gt;</a>&nbsp;&nbsp;&nbsp;I2C_Slave_ISR_IT
<LI><a href="#[90]">&gt;&gt;</a>&nbsp;&nbsp;&nbsp;I2C_Slave_ISR_DMA
</UL>

<P><STRONG><a name="[8f]"></a>I2C_Master_ISR_DMA</STRONG> (Thumb, 238 bytes, Stack size 16 bytes, mbed/TARGET_NUCLEO_F767ZI/TOOLCHAIN_ARM_STD/stm32f7xx_hal_i2c.o(i.I2C_Master_ISR_DMA))
<BR><BR>[Stack]<UL><LI>Max Depth = 568 + Unknown Stack Size
<LI>Call Chain = I2C_Master_ISR_DMA &rArr; I2C_ITMasterCplt &rArr; I2C_ITError &rArr; HAL_I2C_ErrorCallback &rArr; i2c_init &rArr; i2c_frequency &rArr; mbed_assert_internal &rArr; mbed_die &rArr; gpio_init_out &rArr; gpio_init &rArr; pin_function &rArr;  mbed_assert_internal (Cycle)
</UL>
<BR>[Calls]<UL><LI><a href="#[15a]">&gt;&gt;</a>&nbsp;&nbsp;&nbsp;I2C_ITMasterCplt
<LI><a href="#[136]">&gt;&gt;</a>&nbsp;&nbsp;&nbsp;I2C_ITError
<LI><a href="#[138]">&gt;&gt;</a>&nbsp;&nbsp;&nbsp;I2C_Enable_IRQ
</UL>
<BR>[Address Reference Count : 1]<UL><LI> stm32f7xx_hal_i2c.o(i.I2C_Enable_IRQ)
</UL>
<P><STRONG><a name="[8d]"></a>I2C_Master_ISR_IT</STRONG> (Thumb, 490 bytes, Stack size 24 bytes, mbed/TARGET_NUCLEO_F767ZI/TOOLCHAIN_ARM_STD/stm32f7xx_hal_i2c.o(i.I2C_Master_ISR_IT))
<BR><BR>[Stack]<UL><LI>Max Depth = 576 + Unknown Stack Size
<LI>Call Chain = I2C_Master_ISR_IT &rArr; I2C_ITMasterCplt &rArr; I2C_ITError &rArr; HAL_I2C_ErrorCallback &rArr; i2c_init &rArr; i2c_frequency &rArr; mbed_assert_internal &rArr; mbed_die &rArr; gpio_init_out &rArr; gpio_init &rArr; pin_function &rArr;  mbed_assert_internal (Cycle)
</UL>
<BR>[Calls]<UL><LI><a href="#[13f]">&gt;&gt;</a>&nbsp;&nbsp;&nbsp;HAL_I2C_MasterTxCpltCallback
<LI><a href="#[15b]">&gt;&gt;</a>&nbsp;&nbsp;&nbsp;HAL_I2C_MasterRxCpltCallback
<LI><a href="#[15a]">&gt;&gt;</a>&nbsp;&nbsp;&nbsp;I2C_ITMasterCplt
<LI><a href="#[136]">&gt;&gt;</a>&nbsp;&nbsp;&nbsp;I2C_ITError
<LI><a href="#[158]">&gt;&gt;</a>&nbsp;&nbsp;&nbsp;I2C_Disable_IRQ
</UL>
<BR>[Address Reference Count : 2]<UL><LI> stm32f7xx_hal_i2c.o(i.HAL_I2C_Master_Sequential_Receive_IT)
<LI> stm32f7xx_hal_i2c.o(i.HAL_I2C_Master_Sequential_Transmit_IT)
</UL>
<P><STRONG><a name="[90]"></a>I2C_Slave_ISR_DMA</STRONG> (Thumb, 114 bytes, Stack size 8 bytes, mbed/TARGET_NUCLEO_F767ZI/TOOLCHAIN_ARM_STD/stm32f7xx_hal_i2c.o(i.I2C_Slave_ISR_DMA))
<BR><BR>[Stack]<UL><LI>Max Depth = 568 + Unknown Stack Size
<LI>Call Chain = I2C_Slave_ISR_DMA &rArr; I2C_ITSlaveCplt &rArr; I2C_ITError &rArr; HAL_I2C_ErrorCallback &rArr; i2c_init &rArr; i2c_frequency &rArr; mbed_assert_internal &rArr; mbed_die &rArr; gpio_init_out &rArr; gpio_init &rArr; pin_function &rArr;  mbed_assert_internal (Cycle)
</UL>
<BR>[Calls]<UL><LI><a href="#[15e]">&gt;&gt;</a>&nbsp;&nbsp;&nbsp;I2C_ITSlaveCplt
</UL>
<BR>[Address Reference Count : 1]<UL><LI> stm32f7xx_hal_i2c.o(i.I2C_Enable_IRQ)
</UL>
<P><STRONG><a name="[88]"></a>I2C_Slave_ISR_IT</STRONG> (Thumb, 704 bytes, Stack size 32 bytes, mbed/TARGET_NUCLEO_F767ZI/TOOLCHAIN_ARM_STD/stm32f7xx_hal_i2c.o(i.I2C_Slave_ISR_IT))
<BR><BR>[Stack]<UL><LI>Max Depth = 592 + Unknown Stack Size
<LI>Call Chain = I2C_Slave_ISR_IT &rArr; I2C_ITSlaveCplt &rArr; I2C_ITError &rArr; HAL_I2C_ErrorCallback &rArr; i2c_init &rArr; i2c_frequency &rArr; mbed_assert_internal &rArr; mbed_die &rArr; gpio_init_out &rArr; gpio_init &rArr; pin_function &rArr;  mbed_assert_internal (Cycle)
</UL>
<BR>[Calls]<UL><LI><a href="#[15f]">&gt;&gt;</a>&nbsp;&nbsp;&nbsp;HAL_I2C_SlaveTxCpltCallback
<LI><a href="#[160]">&gt;&gt;</a>&nbsp;&nbsp;&nbsp;HAL_I2C_SlaveRxCpltCallback
<LI><a href="#[13e]">&gt;&gt;</a>&nbsp;&nbsp;&nbsp;HAL_I2C_ListenCpltCallback
<LI><a href="#[161]">&gt;&gt;</a>&nbsp;&nbsp;&nbsp;HAL_I2C_AddrCallback
<LI><a href="#[15e]">&gt;&gt;</a>&nbsp;&nbsp;&nbsp;I2C_ITSlaveCplt
<LI><a href="#[158]">&gt;&gt;</a>&nbsp;&nbsp;&nbsp;I2C_Disable_IRQ
</UL>
<BR>[Address Reference Count : 2]<UL><LI> stm32f7xx_hal_i2c.o(i.HAL_I2C_EnableListen_IT)
<LI> stm32f7xx_hal_i2c.o(i.I2C_ITError)
</UL>
<P><STRONG><a name="[a4]"></a>__sti___8_main_cpp_Sht31</STRONG> (Thumb, 24 bytes, Stack size 8 bytes, .\build\main.o(i.__sti___8_main_cpp_Sht31))
<BR><BR>[Stack]<UL><LI>Max Depth = 632 + Unknown Stack Size
<LI>Call Chain = __sti___8_main_cpp_Sht31 &rArr; Sht31::Sht31(PinName, PinName) &rArr; Sht31::readStatus() &rArr; Sht31::writeCommand(unsigned short) &rArr; mbed::I2C::write(int, const char*, int, bool) &rArr; i2c_write &rArr; i2c_init &rArr; i2c_frequency &rArr; mbed_assert_internal &rArr; mbed_die &rArr; gpio_init_out &rArr; gpio_init &rArr; pin_function &rArr;  mbed_assert_internal (Cycle)
</UL>
<BR>[Calls]<UL><LI><a href="#[173]">&gt;&gt;</a>&nbsp;&nbsp;&nbsp;__aeabi_atexit
<LI><a href="#[18f]">&gt;&gt;</a>&nbsp;&nbsp;&nbsp;Sht31::Sht31(PinName, PinName)
</UL>
<BR>[Address Reference Count : 1]<UL><LI> main.o(.init_array)
</UL>
<P><STRONG><a name="[1ab]"></a>initialize</STRONG> (Thumb, 198 bytes, Stack size 32 bytes, mbed/TARGET_NUCLEO_F767ZI/TOOLCHAIN_ARM_STD/mbed.ar(mbed_ticker_api.o)(i.initialize))
<BR><BR>[Stack]<UL><LI>Max Depth = 144 + In Cycle
<LI>Call Chain = initialize &rArr;  mbed_assert_internal (Cycle)
</UL>
<BR>[Calls]<UL><LI><a href="#[169]">&gt;&gt;</a>&nbsp;&nbsp;&nbsp;mbed_assert_internal
<LI><a href="#[1ac]">&gt;&gt;</a>&nbsp;&nbsp;&nbsp;__aeabi_llsl
<LI><a href="#[14e]">&gt;&gt;</a>&nbsp;&nbsp;&nbsp;__aeabi_uldivmod
<LI><a href="#[1ad]">&gt;&gt;</a>&nbsp;&nbsp;&nbsp;update_present_time
<LI><a href="#[1ae]">&gt;&gt;</a>&nbsp;&nbsp;&nbsp;schedule_interrupt
</UL>
<BR>[Called By]<UL><LI><a href="#[1b5]">&gt;&gt;</a>&nbsp;&nbsp;&nbsp;ticker_read
</UL>

<P><STRONG><a name="[1ae]"></a>schedule_interrupt</STRONG> (Thumb, 236 bytes, Stack size 32 bytes, mbed/TARGET_NUCLEO_F767ZI/TOOLCHAIN_ARM_STD/mbed.ar(mbed_ticker_api.o)(i.schedule_interrupt))
<BR><BR>[Stack]<UL><LI>Max Depth = 112<LI>Call Chain = schedule_interrupt &rArr; update_present_time &rArr; __aeabi_uldivmod
</UL>
<BR>[Calls]<UL><LI><a href="#[14e]">&gt;&gt;</a>&nbsp;&nbsp;&nbsp;__aeabi_uldivmod
<LI><a href="#[1ad]">&gt;&gt;</a>&nbsp;&nbsp;&nbsp;update_present_time
</UL>
<BR>[Called By]<UL><LI><a href="#[1ab]">&gt;&gt;</a>&nbsp;&nbsp;&nbsp;initialize
<LI><a href="#[a5]">&gt;&gt;</a>&nbsp;&nbsp;&nbsp;ticker_irq_handler
</UL>

<P><STRONG><a name="[1ad]"></a>update_present_time</STRONG> (Thumb, 256 bytes, Stack size 32 bytes, mbed/TARGET_NUCLEO_F767ZI/TOOLCHAIN_ARM_STD/mbed.ar(mbed_ticker_api.o)(i.update_present_time))
<BR><BR>[Stack]<UL><LI>Max Depth = 80<LI>Call Chain = update_present_time &rArr; __aeabi_uldivmod
</UL>
<BR>[Calls]<UL><LI><a href="#[14e]">&gt;&gt;</a>&nbsp;&nbsp;&nbsp;__aeabi_uldivmod
</UL>
<BR>[Called By]<UL><LI><a href="#[1b5]">&gt;&gt;</a>&nbsp;&nbsp;&nbsp;ticker_read
<LI><a href="#[1ae]">&gt;&gt;</a>&nbsp;&nbsp;&nbsp;schedule_interrupt
<LI><a href="#[1ab]">&gt;&gt;</a>&nbsp;&nbsp;&nbsp;initialize
<LI><a href="#[a5]">&gt;&gt;</a>&nbsp;&nbsp;&nbsp;ticker_irq_handler
</UL>

<P><STRONG><a name="[105]"></a>_fp_digits</STRONG> (Thumb, 428 bytes, Stack size 96 bytes, C:\Keil_v5\ARM\ARMCC\Bin\..\lib\armlib\c_w.l(_printf_fp_dec.o)(.text))
<BR><BR>[Stack]<UL><LI>Max Depth = 216<LI>Call Chain = _fp_digits &rArr; _btod_etento &rArr; _btod_emul &rArr; _e2e
</UL>
<BR>[Calls]<UL><LI><a href="#[109]">&gt;&gt;</a>&nbsp;&nbsp;&nbsp;_btod_emul
<LI><a href="#[108]">&gt;&gt;</a>&nbsp;&nbsp;&nbsp;_btod_ediv
<LI><a href="#[107]">&gt;&gt;</a>&nbsp;&nbsp;&nbsp;_btod_d2e
<LI><a href="#[106]">&gt;&gt;</a>&nbsp;&nbsp;&nbsp;_btod_etento
<LI><a href="#[10a]">&gt;&gt;</a>&nbsp;&nbsp;&nbsp;_ll_udiv10
</UL>
<BR>[Called By]<UL><LI><a href="#[10b]">&gt;&gt;</a>&nbsp;&nbsp;&nbsp;_printf_fp_dec_real
</UL>

<P><STRONG><a name="[85]"></a>_printf_input_char</STRONG> (Thumb, 10 bytes, Stack size 0 bytes, C:\Keil_v5\ARM\ARMCC\Bin\..\lib\armlib\c_w.l(_printf_char_common.o)(.text))
<BR>[Address Reference Count : 1]<UL><LI> _printf_char_common.o(.text)
</UL><P>
<H3>
Undefined Global Symbols
</H3><HR></body></html>
